 ASV_pathplot_sfun

 Timestamp is 50575751 (Mon Sep 17 19:01:05 2012)

 Preferred load address is 0000000180000000

 Start         Length     Name                   Class
 0001:00000000 00038ce4H .text                   CODE
 0001:00038cf0 00000092H .text$x                 CODE
 0002:00000000 00000468H .idata$5                DATA
 0002:00000468 00000008H .CRT$XCA                DATA
 0002:00000470 00000008H .CRT$XCZ                DATA
 0002:00000478 00000008H .CRT$XIA                DATA
 0002:00000480 00000008H .CRT$XIAA               DATA
 0002:00000488 00000008H .CRT$XIZ                DATA
 0002:00000490 00004abcH .rdata                  DATA
 0002:00004f50 00000008H .rtc$IAA                DATA
 0002:00004f58 00000008H .rtc$IZZ                DATA
 0002:00004f60 00000008H .rtc$TAA                DATA
 0002:00004f68 00000008H .rtc$TZZ                DATA
 0002:00004f70 00003facH .xdata                  DATA
 0002:00008f1c 000000a0H .idata$2                DATA
 0002:00008fbc 00000014H .idata$3                DATA
 0002:00008fd0 00000468H .idata$4                DATA
 0002:00009438 00000a10H .idata$6                DATA
 0002:00009e50 00000057H .edata                  DATA
 0003:00000000 00002018H .data                   DATA
 0003:00002020 00002678H .bss                    DATA
 0004:00000000 00003030H .pdata                  DATA

  Address         Publics by Value              Rva+Base               Lib:Object

 0000:00000000       ___safe_se_handler_table   0000000000000000     <absolute>
 0000:00000000       ___safe_se_handler_count   0000000000000000     <absolute>
 0000:00000000       __ImageBase                0000000180000000     <linker-defined>
 0001:00000000       sf_c1_ASV_pathplot_get_eml_resolved_functions_info 0000000180001000 f   c1_ASV_pathplot.obj
 0001:000007a0       sf_c1_ASV_pathplot_get_check_sum 00000001800017a0 f   c1_ASV_pathplot.obj
 0001:00000820       sf_c1_ASV_pathplot_get_autoinheritance_info 0000000180001820 f   c1_ASV_pathplot.obj
 0001:00001ea0       sf_internal_get_sim_state_c1_ASV_pathplot 0000000180002ea0 f   c1_ASV_pathplot.obj
 0001:00002730       sf_internal_set_sim_state_c1_ASV_pathplot 0000000180003730 f   c1_ASV_pathplot.obj
 0001:00002d90       c1_ASV_pathplot_method_dispatcher 0000000180003d90 f   c1_ASV_pathplot.obj
 0001:00006900       sf_process_check_sum_call  0000000180007900 f   ASV_pathplot_sfun_registry.obj
 0001:00006950       sf_process_autoinheritance_call 0000000180007950 f   ASV_pathplot_sfun_registry.obj
 0001:00006ad0       sf_process_get_eml_resolved_functions_info_call 0000000180007ad0 f   ASV_pathplot_sfun_registry.obj
 0001:00006c50       sf_mex_unlock_call         0000000180007c50 f   ASV_pathplot_sfun_registry.obj
 0001:00006d00       sf_machine_global_initializer_called 0000000180007d00 f   ASV_pathplot_sfun_registry.obj
 0001:00006d30       sf_machine_global_method_dispatcher 0000000180007d30 f   ASV_pathplot_sfun_registry.obj
 0001:00006d90       sf_machine_global_terminator 0000000180007d90 f   ASV_pathplot_sfun_registry.obj
 0001:00006dd0       sf_register_machine_exported_symbols 0000000180007dd0 f   ASV_pathplot_sfun_registry.obj
 0001:00006df0       callCustomFcn              0000000180007df0 f   ASV_pathplot_sfun_registry.obj
 0001:00006e00       sf_machine_global_initializer 0000000180007e00 f   ASV_pathplot_sfun_registry.obj
 0001:00006e70       _ssSetStateAbsTol          0000000180007e70 f   ASV_pathplot_sfun_registry.obj
 0001:00006f50       _ssGetAbsTol               0000000180007f50 f   ASV_pathplot_sfun_registry.obj
 0001:00006fc0       _ssSetInputPortMatrixDimensions 0000000180007fc0 f   ASV_pathplot_sfun_registry.obj
 0001:000070d0       _ssSetOutputPortMatrixDimensions 00000001800080d0 f   ASV_pathplot_sfun_registry.obj
 0001:000071e0       _ssSetInputPortVectorDimension 00000001800081e0 f   ASV_pathplot_sfun_registry.obj
 0001:000072b0       _ssSetOutputPortVectorDimension 00000001800082b0 f   ASV_pathplot_sfun_registry.obj
 0001:00007380       ssIsRunTimeParamTunable    0000000180008380 f   ASV_pathplot_sfun_registry.obj
 0001:000073f0       ssGetSFuncBlockHandle      00000001800083f0 f   ASV_pathplot_sfun_registry.obj
 0001:00007460       _ssGetCurrentInputPortWidth 0000000180008460 f   ASV_pathplot_sfun_registry.obj
 0001:00007580       _ssGetCurrentOutputPortWidth 0000000180008580 f   ASV_pathplot_sfun_registry.obj
 0001:000076a0       _ssGetCallSystemNumFcnCallDestinations 00000001800086a0 f   ASV_pathplot_sfun_registry.obj
 0001:00007710       ssWarning                  0000000180008710 f   ASV_pathplot_sfun_registry.obj
 0001:00007820       ssGetIsZeroCrossControlDisabled 0000000180008820 f   ASV_pathplot_sfun_registry.obj
 0001:00007890       ssSetIsInputPortUsedForContZcSignal 0000000180008890 f   ASV_pathplot_sfun_registry.obj
 0001:00007900       ssSetZcSignalIsZcElementDisc 0000000180008900 f   ASV_pathplot_sfun_registry.obj
 0001:000079b0       ssSetZcSignalName          00000001800089b0 f   ASV_pathplot_sfun_registry.obj
 0001:00007a20       ssSetZcSignalWidth         0000000180008a20 f   ASV_pathplot_sfun_registry.obj
 0001:00007a90       ssSetZcSignalZcEventType   0000000180008a90 f   ASV_pathplot_sfun_registry.obj
 0001:00007b00       ssSetZcSignalType          0000000180008b00 f   ASV_pathplot_sfun_registry.obj
 0001:00007b70       ssSetZcSignalZcTol         0000000180008b70 f   ASV_pathplot_sfun_registry.obj
 0001:00007be0       ssSetZcSignalNeedsEventNotification 0000000180008be0 f   ASV_pathplot_sfun_registry.obj
 0001:00007c50       ssCreateAndAddZcSignalInfo 0000000180008c50 f   ASV_pathplot_sfun_registry.obj
 0001:00007cc0       ssCloneAndAddZcSignalInfo  0000000180008cc0 f   ASV_pathplot_sfun_registry.obj
 0001:00007d30       ssGetNumZcSignals          0000000180008d30 f   ASV_pathplot_sfun_registry.obj
 0001:00007da0       ssGetZcSignalVector        0000000180008da0 f   ASV_pathplot_sfun_registry.obj
 0001:00007e10       ssGetZcSignalZcEvents      0000000180008e10 f   ASV_pathplot_sfun_registry.obj
 0001:00007e80       ssGetZcSignalName          0000000180008e80 f   ASV_pathplot_sfun_registry.obj
 0001:00007ef0       ssGetZcSignalWidth         0000000180008ef0 f   ASV_pathplot_sfun_registry.obj
 0001:00007f60       ssGetZcSignalZcEventType   0000000180008f60 f   ASV_pathplot_sfun_registry.obj
 0001:00007fd0       ssGetZcSignalType          0000000180008fd0 f   ASV_pathplot_sfun_registry.obj
 0001:00008040       ssGetZcSignalZcTol         0000000180009040 f   ASV_pathplot_sfun_registry.obj
 0001:000080c0       ssGetZcSignalNeedsEventNotification 00000001800090c0 f   ASV_pathplot_sfun_registry.obj
 0001:00008130       ssGetZcSignalIsZcElementDisc 0000000180009130 f   ASV_pathplot_sfun_registry.obj
 0001:000081d0       ssGetIsInputPortElementContinuous 00000001800091d0 f   ASV_pathplot_sfun_registry.obj
 0001:00008270       _ssGetInputPortSignalPtrsFcn 0000000180009270 f   ASV_pathplot_sfun_registry.obj
 0001:00008530       _ssGetInputPortSignalFcn   0000000180009530 f   ASV_pathplot_sfun_registry.obj
 0001:00008750       _ssSetInputPortDirectFeedThroughFcn 0000000180009750 f   ASV_pathplot_sfun_registry.obj
 0001:000088b0       _ssSetInputPortReusableFcn 00000001800098b0 f   ASV_pathplot_sfun_registry.obj
 0001:000089a0       _ssSetOutputPortReusableFcn 00000001800099a0 f   ASV_pathplot_sfun_registry.obj
 0001:00008a80       ssGetDTypeIdFromMxArray    0000000180009a80 f   ASV_pathplot_sfun_registry.obj
 0001:00008ba0       ssWriteRTWStr              0000000180009ba0 f   ASV_pathplot_sfun_registry.obj
 0001:00008c00       ssWriteRTWMxVectParam      0000000180009c00 f   ASV_pathplot_sfun_registry.obj
 0001:00008c60       ssWriteRTWMx2dMatParam     0000000180009c60 f   ASV_pathplot_sfun_registry.obj
 0001:00008ce0       ssWriteRTWNameValuePair    0000000180009ce0 f   ASV_pathplot_sfun_registry.obj
 0001:000091d0       ssWriteRTWParameters       000000018000a1d0 f   ASV_pathplot_sfun_registry.obj
 0001:000097d0       ssWriteRTWParamSettings    000000018000a7d0 f   ASV_pathplot_sfun_registry.obj
 0001:00009ea0       ssWriteRTWWorkVect         000000018000aea0 f   ASV_pathplot_sfun_registry.obj
 0001:0000a3a0       mexFunction                000000018000b3a0 f   ASV_pathplot_sfun_registry.obj
 0001:0000bfe0       ProcessMexSfunctionEveryCall 000000018000cfe0 f   ASV_pathplot_sfun_registry.obj
 0001:0000c150       ASV_pathplot_initializer   000000018000d150 f   ASV_pathplot_sfun.obj
 0001:0000c160       ASV_pathplot_terminator    000000018000d160 f   ASV_pathplot_sfun.obj
 0001:0000c170       sf_ASV_pathplot_method_dispatcher 000000018000d170 f   ASV_pathplot_sfun.obj
 0001:0000c1c0       sf_ASV_pathplot_process_check_sum_call 000000018000d1c0 f   ASV_pathplot_sfun.obj
 0001:0000c5d0       sf_ASV_pathplot_autoinheritance_info 000000018000d5d0 f   ASV_pathplot_sfun.obj
 0001:0000c6d0       sf_ASV_pathplot_get_eml_resolved_functions_info 000000018000d6d0 f   ASV_pathplot_sfun.obj
 0001:0000c800       ASV_pathplot_debug_initialize 000000018000d800 f   ASV_pathplot_sfun.obj
 0001:0000c870       ASV_pathplot_register_exported_symbols 000000018000d870 f   ASV_pathplot_sfun.obj
 0001:0000c920       sf_mex_mx_is_numeric       000000018000d920 f   sfc_mex:sfc_mex.obj
 0001:0000c960       strcmp_ignore_ws           000000018000d960 f   sfc_mex:sfc_mex.obj
 0001:0000caa0       sf_mex_duplicatearraysafe  000000018000daa0 f   sfc_mex:sfc_mex.obj
 0001:0000cc00       sf_set_error_debugger_context_message_fcn 000000018000dc00 f   sfc_mex:sfc_mex.obj
 0001:0000cc10       sf_set_debugger_matlab_error_fcn 000000018000dc10 f   sfc_mex:sfc_mex.obj
 0001:0000cc40       sf_set_error_prefix_string 000000018000dc40 f   sfc_mex:sfc_mex.obj
 0001:0000cc70       sf_get_error_prefix_string 000000018000dc70 f   sfc_mex:sfc_mex.obj
 0001:0000cc80       sf_get_current_jmp_buf_ptr 000000018000dc80 f   sfc_mex:sfc_mex.obj
 0001:0000cc90       sf_set_current_jmp_buf_ptr 000000018000dc90 f   sfc_mex:sfc_mex.obj
 0001:0000cca0       sf_mex_set_halt_simulation 000000018000dca0 f   sfc_mex:sfc_mex.obj
 0001:0000ccb0       sf_mex_get_halt_simulation 000000018000dcb0 f   sfc_mex:sfc_mex.obj
 0001:0000ccc0       sf_mex_clear_error_message 000000018000dcc0 f   sfc_mex:sfc_mex.obj
 0001:0000cce0       sf_mex_get_error_message_for_read 000000018000dce0 f   sfc_mex:sfc_mex.obj
 0001:0000ccf0       sf_mex_get_error_message_buffer_length 000000018000dcf0 f   sfc_mex:sfc_mex.obj
 0001:0000cdd0       sf_mex_warning_message     000000018000ddd0 f   sfc_mex:sfc_mex.obj
 0001:0000ce40       sf_mex_v_errbuf_createf    000000018000de40 f   sfc_mex:sfc_mex.obj
 0001:0000ce50       sf_mex_errbuf_createf      000000018000de50 f   sfc_mex:sfc_mex.obj
 0001:0000ce80       sf_mex_v_errbuf_catf       000000018000de80 f   sfc_mex:sfc_mex.obj
 0001:0000cec0       sf_mex_errbuf_catf         000000018000dec0 f   sfc_mex:sfc_mex.obj
 0001:0000cf10       sf_mex_errbuf_copy         000000018000df10 f   sfc_mex:sfc_mex.obj
 0001:0000cf20       sf_mex_errbuf_clear        000000018000df20 f   sfc_mex:sfc_mex.obj
 0001:0000cf30       sf_mex_errbuf_isempty      000000018000df30 f   sfc_mex:sfc_mex.obj
 0001:0000d040       sf_mex_set_error_status    000000018000e040 f   sfc_mex:sfc_mex.obj
 0001:0000d090       sf_mex_error_direct_call   000000018000e090 f   sfc_mex:sfc_mex.obj
 0001:0000d0b0       sf_mex_error_message_no_long_jump 000000018000e0b0 f   sfc_mex:sfc_mex.obj
 0001:0000d0d0       sf_mex_long_jump_on_error  000000018000e0d0 f   sfc_mex:sfc_mex.obj
 0001:0000d100       sf_mex_call_matlab         000000018000e100 f   sfc_mex:sfc_mex.obj
 0001:0000d220       sf_mex_check_builtin       000000018000e220 f   sfc_mex:sfc_mex.obj
 0001:0000d260       sf_mex_check_builtin_vs    000000018000e260 f   sfc_mex:sfc_mex.obj
 0001:0000d2c0       sf_mex_check_enum          000000018000e2c0 f   sfc_mex:sfc_mex.obj
 0001:0000d2f0       sf_mex_create_enum         000000018000e2f0 f   sfc_mex:sfc_mex.obj
 0001:0000d310       sf_mex_get_enum_element    000000018000e310 f   sfc_mex:sfc_mex.obj
 0001:0000d320       sf_mex_createcellarray     000000018000e320 f   sfc_mex:sfc_mex.obj
 0001:0000d330       sf_mex_setcell             000000018000e330 f   sfc_mex:sfc_mex.obj
 0001:0000d340       sf_mex_getcell             000000018000e340 f   sfc_mex:sfc_mex.obj
 0001:0000d350       sf_mex_dup                 000000018000e350 f   sfc_mex:sfc_mex.obj
 0001:0000d370       sf_mex_assign              000000018000e370 f   sfc_mex:sfc_mex.obj
 0001:0000d3d0       sf_mex_destroy             000000018000e3d0 f   sfc_mex:sfc_mex.obj
 0001:0000d400       mx_array_has_fi_type       000000018000e400 f   sfc_mex:sfc_mex.obj
 0001:0000d430       sf_mex_convert_from_fi     000000018000e430 f   sfc_mex:sfc_mex.obj
 0001:0000d4e0       sf_mex_convert_to_double   000000018000e4e0 f   sfc_mex:sfc_mex.obj
 0001:0000d600       sf_mex_import_fi_vs        000000018000e600 f   sfc_mex:sfc_mex.obj
 0001:0000d7c0       sf_matrix_matrix_index_ok  000000018000e7c0 f   sfc_mex:sfc_mex.obj
 0001:0000d850       sf_vector_vector_index_ok  000000018000e850 f   sfc_mex:sfc_mex.obj
 0001:0000d880       ssGetCurrentInputPortDimensions_wrapper 000000018000e880 f   sfc_mex:sfc_mex.obj
 0001:0000d8a0       ssGetCurrentOutputPortDimensions_wrapper 000000018000e8a0 f   sfc_mex:sfc_mex.obj
 0001:0000d8c0       sf_mex_emlrt_context_is_debug_mode 000000018000e8c0 f   sfc_mex:sfc_mex.obj
 0001:0000d8d0       sf_mex_emlrt_context_set_debug_mode 000000018000e8d0 f   sfc_mex:sfc_mex.obj
 0001:0000d940       sf_clear_error_manager_info 000000018000e940 f   sfc_mex:sfc_mex.obj
 0001:0000d990       sf_mex_stop_simulation_abruptly_wo_error 000000018000e990 f   sfc_mex:sfc_mex.obj
 0001:0000d9d0       sf_mex_error_message       000000018000e9d0 f   sfc_mex:sfc_mex.obj
 0001:0000da30       sf_react_to_error_in_matlab_call 000000018000ea30 f   sfc_mex:sfc_mex.obj
 0001:0000da60       sf_mex_addfield            000000018000ea60 f   sfc_mex:sfc_mex.obj
 0001:0000db00       sf_mex_getfield            000000018000eb00 f   sfc_mex:sfc_mex.obj
 0001:0000de00       sf_mex_check_class         000000018000ee00 f   sfc_mex:sfc_mex.obj
 0001:0000def0       sf_mex_is_real             000000018000eef0 f   sfc_mex:sfc_mex.obj
 0001:0000e360       sf_mex_decode_encoded_mx_struct_array 000000018000f360 f   sfc_mex:sfc_mex.obj
 0001:0000e640       sf_mex_lw_bounds_check     000000018000f640 f   sfc_mex:sfc_mex.obj
 0001:0000e670       sf_mex_lw_size_eq_check_1d 000000018000f670 f   sfc_mex:sfc_mex.obj
 0001:0000e690       sf_mex_lw_size_eq_check_nd 000000018000f690 f   sfc_mex:sfc_mex.obj
 0001:0000e870       sf_mex_lw_dim_size_eq_check 000000018000f870 f   sfc_mex:sfc_mex.obj
 0001:0000e8a0       sf_mex_lw_dim_size_geq_check 000000018000f8a0 f   sfc_mex:sfc_mex.obj
 0001:0000e8d0       sf_mex_lw_sub_assign_size_check_nd 000000018000f8d0 f   sfc_mex:sfc_mex.obj
 0001:0000eb00       sf_mex_lw_runtime_error_msgid 000000018000fb00 f   sfc_mex:sfc_mex.obj
 0001:0000ebf0       sf_mex_lw_matrix_matrix_index_check 000000018000fbf0 f   sfc_mex:sfc_mex.obj
 0001:0000ec10       sf_mex_lw_vector_vector_index_check 000000018000fc10 f   sfc_mex:sfc_mex.obj
 0001:0000ec50       sf_mex_lw_non_negative_check 000000018000fc50 f   sfc_mex:sfc_mex.obj
 0001:0000ec90       sf_mex_overflow_error      000000018000fc90 f   sfc_mex:sfc_mex.obj
 0001:0000eca0       sf_mex_dividebyzero_error  000000018000fca0 f   sfc_mex:sfc_mex.obj
 0001:0000ecb0       sf_mex_unsafe_enum_error   000000018000fcb0 f   sfc_mex:sfc_mex.obj
 0001:0000ecc0       sf_emlrtErrHandler         000000018000fcc0 f   sfc_mex:sfc_mex.obj
 0001:0000ed80       sf_mex_printf              000000018000fd80 f   sfc_mex:sfc_mex.obj
 0001:0000ef10       sf_mex_check_size          000000018000ff10 f   sfc_mex:sfc_mex.obj
 0001:0000f1e0       sf_mex_check_struct        00000001800101e0 f   sfc_mex:sfc_mex.obj
 0001:0000f440       sf_mex_check_struct_vs     0000000180010440 f   sfc_mex:sfc_mex.obj
 0001:0000f4d0       sf_mex_check_fi            00000001800104d0 f   sfc_mex:sfc_mex.obj
 0001:0000f5d0       sf_mex_check_fi_vs         00000001800105d0 f   sfc_mex:sfc_mex.obj
 0001:0000f670       sf_echo_expression         0000000180010670 f   sfc_mex:sfc_mex.obj
 0001:0000f6d0       sf_assertion_failed        00000001800106d0 f   sfc_mex:sfc_mex.obj
 0001:0000f9b0       sf_mex_evalin              00000001800109b0 f   sfc_mex:sfc_mex.obj
 0001:0000fc20       sf_mex_export              0000000180010c20 f   sfc_mex:sfc_mex.obj
 0001:0000fce0       sf_mex_get_ml_var_no_error 0000000180010ce0 f   sfc_mex:sfc_mex.obj
 0001:0000fe80       sf_mex_get_ml_var          0000000180010e80 f   sfc_mex:sfc_mex.obj
 0001:00010320       ml_set_element_value_in_array 0000000180011320 f   sfc_mex:sfc_mex.obj
 0001:000119f0       sf_mex_call_impl           00000001800129f0 f   sfc_mex:sfc_mex.obj
 0001:00011f20       sf_mex_call_debug          0000000180012f20 f   sfc_mex:sfc_mex.obj
 0001:00011f50       sf_mex_call                0000000180012f50 f   sfc_mex:sfc_mex.obj
 0001:000125a0       sf_mex_createstruct        00000001800135a0 f   sfc_mex:sfc_mex.obj
 0001:00012690       sf_mex_createstructarray   0000000180013690 f   sfc_mex:sfc_mex.obj
 0001:00012710       sf_mex_get_mx_datatype_from_sf_datatype 0000000180013710 f   sfc_mex:sfc_mex.obj
 0001:00012a20       sf_mex_ml_var_sub          0000000180013a20 f   sfc_mex:sfc_mex.obj
 0001:00012bf0       sf_mex_ml_var_subsasgn     0000000180013bf0 f   sfc_mex:sfc_mex.obj
 0001:00012fe0       sf_mex_sub                 0000000180013fe0 f   sfc_mex:sfc_mex.obj
 0001:000131e0       sf_mex_subsasgn            00000001800141e0 f   sfc_mex:sfc_mex.obj
 0001:000136c0       sf_mex_create              00000001800146c0 f   sfc_mex:sfc_mex.obj
 0001:00014110       sf_mex_import_named        0000000180015110 f   sfc_mex:sfc_mex.obj
 0001:00014170       sf_mex_import              0000000180015170 f   sfc_mex:sfc_mex.obj
 0001:000141c0       sf_mex_import_vs           00000001800151c0 f   sfc_mex:sfc_mex.obj
 0001:000142d0       sf_mex_lower_fixpt_mx_array 00000001800152d0 f   sfc_mex:sfc_mex.obj
 0001:000148c0       sim_mode_is_rtw_gen        00000001800158c0 f   sfc_mex:sfc_sf.obj
 0001:000148f0       sim_mode_is_external       00000001800158f0 f   sfc_mex:sfc_sf.obj
 0001:00014900       sim_mode_is_modelref_sim   0000000180015900 f   sfc_mex:sfc_sf.obj
 0001:00014920       mdlInitializeSizes         0000000180015920 f   sfc_mex:sfc_sf.obj
 0001:00014940       mdlInitializeSampleTimes   0000000180015940 f   sfc_mex:sfc_sf.obj
 0001:00014980       mdlZeroCrossings           0000000180015980 f   sfc_mex:sfc_sf.obj
 0001:00014a60       mdlDerivatives             0000000180015a60 f   sfc_mex:sfc_sf.obj
 0001:00014b10       mdl_initialize_conditions_processing 0000000180015b10 f   sfc_mex:sfc_sf.obj
 0001:00014b40       mdlInitializeConditions    0000000180015b40 f   sfc_mex:sfc_sf.obj
 0001:00014c00       mdlGetSimState             0000000180015c00 f   sfc_mex:sfc_sf.obj
 0001:00014c10       mdlSetSimState             0000000180015c10 f   sfc_mex:sfc_sf.obj
 0001:00014c20       mdl_ext_mode_exec_processing 0000000180015c20 f   sfc_mex:sfc_sf.obj
 0001:00014c40       mdlExtModeExec             0000000180015c40 f   sfc_mex:sfc_sf.obj
 0001:00014dd0       mdlTerminate               0000000180015dd0 f   sfc_mex:sfc_sf.obj
 0001:00014e40       mdlRTW                     0000000180015e40 f   sfc_mex:sfc_sf.obj
 0001:00014e70       mdlSetWorkWidths           0000000180015e70 f   sfc_mex:sfc_sf.obj
 0001:00014e80       mdlProcessParameters       0000000180015e80 f   sfc_mex:sfc_sf.obj
 0001:00014e90       mdl_start_processing       0000000180015e90 f   sfc_mex:sfc_sf.obj
 0001:00014ed0       mdlStart                   0000000180015ed0 f   sfc_mex:sfc_sf.obj
 0001:00014fc0       mdlEnable                  0000000180015fc0 f   sfc_mex:sfc_sf.obj
 0001:00015090       mdlDisable                 0000000180016090 f   sfc_mex:sfc_sf.obj
 0001:00015140       sf_get_chart_instance_ptr  0000000180016140 f   sfc_mex:sfc_sf.obj
 0001:00015160       sf_rtw_info_uint_prop      0000000180016160 f   sfc_mex:sfc_sf.obj
 0001:000152d0       sf_is_chart_inlinable      00000001800162d0 f   sfc_mex:sfc_sf.obj
 0001:000152f0       sf_mark_output_events_with_multiple_callers 00000001800162f0 f   sfc_mex:sfc_sf.obj
 0001:000154b0       sf_mark_chart_reusable_outputs 00000001800164b0 f   sfc_mex:sfc_sf.obj
 0001:00015730       sf_mark_chart_expressionable_inputs 0000000180016730 f   sfc_mex:sfc_sf.obj
 0001:00015a90       sf_get_subchart_simstruct  0000000180016a90 f   sfc_mex:sfc_sf.obj
 0001:00015ae0       sf_write_symbol_mapping    0000000180016ae0 f   sfc_mex:sfc_sf.obj
 0001:00015d30       sf_get_fixpt_data_type_id  0000000180016d30 f   sfc_mex:sfc_sf.obj
 0001:00015d70       sf_get_enum_data_type_id   0000000180016d70 f   sfc_mex:sfc_sf.obj
 0001:00015db0       sf_get_param_data_type_id  0000000180016db0 f   sfc_mex:sfc_sf.obj
 0001:00015de0       sf_mex_listen_for_ctrl_c_force 0000000180016de0 f   sfc_mex:sfc_sf.obj
 0001:00015ef0       sf_mex_draw_now            0000000180016ef0 f   sfc_mex:sfc_sf.obj
 0001:00015f30       sf_mex_set_debugger_sim_status_listener_fcn 0000000180016f30 f   sfc_mex:sfc_sf.obj
 0001:00015f40       sf_mex_listen_for_ctrl_c   0000000180016f40 f   sfc_mex:sfc_sf.obj
 0001:00015fd0       sf_mex_get_sfun_param      0000000180016fd0 f   sfc_mex:sfc_sf.obj
 0001:00016020       sf_get_runtime_param_data  0000000180017020 f   sfc_mex:sfc_sf.obj
 0001:00016060       sf_call_output_fcn_call    0000000180017060 f   sfc_mex:sfc_sf.obj
 0001:000161a0       sf_call_output_fcn_enable  00000001800171a0 f   sfc_mex:sfc_sf.obj
 0001:00016230       sf_call_output_fcn_disable 0000000180017230 f   sfc_mex:sfc_sf.obj
 0001:000162c0       sf_clear_rtw_identifier    00000001800172c0 f   sfc_mex:sfc_sf.obj
 0001:00016ab0       sf_set_encoded_dwork_info  0000000180017ab0 f   sfc_mex:sfc_sf.obj
 0001:00016b00       sf_get_dwork_info_from_mat_file 0000000180017b00 f   sfc_mex:sfc_sf.obj
 0001:00016cf0       sf_set_rtw_dwork_info      0000000180017cf0 f   sfc_mex:sfc_sf.obj
 0001:00016e60       mdlOutputs                 0000000180017e60 f   sfc_mex:sfc_sf.obj
 0001:00017000       sf_debug_disp              0000000180018000 f   sfc_debug:sfcdebug.obj
 0001:00017260       sf_debug_data_runtime_size_mismatch_error_check 0000000180018260 f   sfc_debug:sfcdebug.obj
 0001:00017300       sf_debug_try_loading_machine 0000000180018300 f   sfc_debug:sfcdebug.obj
 0001:00017400       sf_debug_reset_current_state_configuration 0000000180018400 f   sfc_debug:sfcdebug.obj
 0001:00017490       sf_debug_store_current_state_configuration 0000000180018490 f   sfc_debug:sfcdebug.obj
 0001:00017520       sf_debug_restore_previous_state_configuration 0000000180018520 f   sfc_debug:sfcdebug.obj
 0001:000175b0       sf_debug_restore_previous_state_configuration2 00000001800185b0 f   sfc_debug:sfcdebug.obj
 0001:00017640       sf_debug_get_event_scope   0000000180018640 f   sfc_debug:sfcdebug.obj
 0001:000177b0       use_debugger_step_animation 00000001800187b0 f   sfc_debug:sfcdebug.obj
 0001:000177d0       sf_debug_get_script_id     00000001800187d0 f   sfc_debug:sfcdebug.obj
 0001:00017860       sf_debug_set_script_translation 0000000180018860 f   sfc_debug:sfcdebug.obj
 0001:00017920       sf_debug_get_current_machine_id 0000000180018920 f   sfc_debug:sfcdebug.obj
 0001:00017940       sf_debug_get_current_optional_integer 0000000180018940 f   sfc_debug:sfcdebug.obj
 0001:00017950       sf_debug_get_current_machine_number 0000000180018950 f   sfc_debug:sfcdebug.obj
 0001:00017970       sf_debug_get_current_machine_name 0000000180018970 f   sfc_debug:sfcdebug.obj
 0001:00017990       sf_debug_get_current_chart_id 0000000180018990 f   sfc_debug:sfcdebug.obj
 0001:000179e0       sf_debug_get_current_chart_number 00000001800189e0 f   sfc_debug:sfcdebug.obj
 0001:000179f0       sf_debug_get_current_instance_number 00000001800189f0 f   sfc_debug:sfcdebug.obj
 0001:00017a00       sf_debug_get_current_is_minor_time_step 0000000180018a00 f   sfc_debug:sfcdebug.obj
 0001:00017a80       sf_debug_get_current_object_type 0000000180018a80 f   sfc_debug:sfcdebug.obj
 0001:00017a90       sf_debug_get_current_instance_handle 0000000180018a90 f   sfc_debug:sfcdebug.obj
 0001:00017af0       sf_debug_get_current_event_type 0000000180018af0 f   sfc_debug:sfcdebug.obj
 0001:00017b00       sf_debug_get_current_object_id 0000000180018b00 f   sfc_debug:sfcdebug.obj
 0001:00017b40       sf_debug_get_current_active_event_type 0000000180018b40 f   sfc_debug:sfcdebug.obj
 0001:00017b50       sf_debug_get_current_active_event_id 0000000180018b50 f   sfc_debug:sfcdebug.obj
 0001:00017b90       sf_debug_get_current_tag_type 0000000180018b90 f   sfc_debug:sfcdebug.obj
 0001:00017ba0       sf_debug_get_current_simulation_time 0000000180018ba0 f   sfc_debug:sfcdebug.obj
 0001:00017bb0       sf_debug_get_current_coverage_percentage 0000000180018bb0 f   sfc_debug:sfcdebug.obj
 0001:00017bc0       sf_debug_current_statement_context 0000000180018bc0 f   sfc_debug:sfcdebug.obj
 0001:00017c50       sf_debug_get_current_statement_info 0000000180018c50 f   sfc_debug:sfcdebug.obj
 0001:00017dd0       sf_debug_terminate_instance 0000000180018dd0 f   sfc_debug:sfcdebug.obj
 0001:000180e0       sf_debug_assertion_failed  00000001800190e0 f   sfc_debug:sfcdebug.obj
 0001:00018290       sf_debug_set_number_of_data_with_change_event_for_machine 0000000180019290 f   sfc_debug:sfcdebug.obj
 0001:000182d0       sf_debug_set_machine_event_thresholds 00000001800192d0 f   sfc_debug:sfcdebug.obj
 0001:000182f0       sf_debug_set_machine_event_scope 00000001800192f0 f   sfc_debug:sfcdebug.obj
 0001:00018330       sf_debug_set_machine_data_thresholds 0000000180019330 f   sfc_debug:sfcdebug.obj
 0001:00018370       sf_debug_set_machine_data_scope 0000000180019370 f   sfc_debug:sfcdebug.obj
 0001:00018400       sf_debug_set_machine_data_name 0000000180019400 f   sfc_debug:sfcdebug.obj
 0001:000184a0       sf_debug_set_machine_data_size 00000001800194a0 f   sfc_debug:sfcdebug.obj
 0001:000185e0       sf_debug_set_machine_data_type 00000001800195e0 f   sfc_debug:sfcdebug.obj
 0001:00018750       sf_debug_get_chart_data_number 0000000180019750 f   sfc_debug:sfcdebug.obj
 0001:00018770       sf_debug_get_chart_event_number 0000000180019770 f   sfc_debug:sfcdebug.obj
 0001:00018790       sf_debug_set_chart_state_info 0000000180019790 f   sfc_debug:sfcdebug.obj
 0001:00018810       sf_debug_set_chart_decomposition 0000000180019810 f   sfc_debug:sfcdebug.obj
 0001:00018880       sf_debug_set_chart_substate_count 0000000180019880 f   sfc_debug:sfcdebug.obj
 0001:00018960       sf_debug_set_chart_substate_index 0000000180019960 f   sfc_debug:sfcdebug.obj
 0001:000189d0       sf_debug_set_chart_state_substate_count 00000001800199d0 f   sfc_debug:sfcdebug.obj
 0001:00018ae0       sf_debug_set_chart_state_substate_index 0000000180019ae0 f   sfc_debug:sfcdebug.obj
 0001:00018b60       sf_debug_set_number_of_data_with_change_event_for_chart 0000000180019b60 f   sfc_debug:sfcdebug.obj
 0001:00018be0       sf_debug_set_number_of_states_with_entry_event_for_chart 0000000180019be0 f   sfc_debug:sfcdebug.obj
 0001:00018c50       sf_debug_set_number_of_states_with_exit_event_for_chart 0000000180019c50 f   sfc_debug:sfcdebug.obj
 0001:00018cc0       sf_debug_set_chart_disable_implicit_casting 0000000180019cc0 f   sfc_debug:sfcdebug.obj
 0001:00018d30       sf_debug_set_chart_event_thresholds 0000000180019d30 f   sfc_debug:sfcdebug.obj
 0001:00018da0       sf_debug_set_chart_data_compiled_props 0000000180019da0 f   sfc_debug:sfcdebug.obj
 0001:000190f0       sf_debug_set_chart_data_props 000000018001a0f0 f   sfc_debug:sfcdebug.obj
 0001:00019410       sf_debug_check_fi_license  000000018001a410 f   sfc_debug:sfcdebug.obj
 0001:00019600       sf_debug_symbol_scope_push 000000018001a600 f   sfc_debug:sfcdebug.obj
 0001:00019640       sf_debug_symbol_scope_push_eml 000000018001a640 f   sfc_debug:sfcdebug.obj
 0001:00019690       sf_debug_symbol_scope_pop  000000018001a690 f   sfc_debug:sfcdebug.obj
 0001:000196d0       sf_debug_symbol_scope_add_importable 000000018001a6d0 f   sfc_debug:sfcdebug.obj
 0001:00019750       sf_debug_symbol_scope_add  000000018001a750 f   sfc_debug:sfcdebug.obj
 0001:000197d0       sf_debug_symbol_scope_add_dyn_importable 000000018001a7d0 f   sfc_debug:sfcdebug.obj
 0001:00019890       sf_debug_symbol_scope_add_dyn 000000018001a890 f   sfc_debug:sfcdebug.obj
 0001:000198c0       sf_debug_symbol_scope_add_eml_importable 000000018001a8c0 f   sfc_debug:sfcdebug.obj
 0001:00019900       sf_debug_symbol_scope_add_eml 000000018001a900 f   sfc_debug:sfcdebug.obj
 0001:00019940       sf_debug_symbol_scope_add_eml_dyn_importable 000000018001a940 f   sfc_debug:sfcdebug.obj
 0001:000199b0       sf_debug_symbol_scope_add_eml_dyn 000000018001a9b0 f   sfc_debug:sfcdebug.obj
 0001:00019a10       sf_debug_symbol_switch     000000018001aa10 f   sfc_debug:sfcdebug.obj
 0001:00019a30       sf_debug_symbol_scope_add_verbose 000000018001aa30 f   sfc_debug:sfcdebug.obj
 0001:00019b00       sf_debug_set_machine_data_value_ptr 000000018001ab00 f   sfc_debug:sfcdebug.obj
 0001:00019b40       sf_debug_set_instance_data_value_ptr 000000018001ab40 f   sfc_debug:sfcdebug.obj
 0001:00019c00       sf_debug_unset_instance_data_value_ptr 000000018001ac00 f   sfc_debug:sfcdebug.obj
 0001:00019cb0       sf_debug_set_chart_event_scope 000000018001acb0 f   sfc_debug:sfcdebug.obj
 0001:00019d30       sf_debug_set_chart_transition_coverage_maps 000000018001ad30 f   sfc_debug:sfcdebug.obj
 0001:00019e40       sf_debug_set_chart_state_coverage_maps 000000018001ae40 f   sfc_debug:sfcdebug.obj
 0001:00019f20       sf_debug_set_instance_transition_coverage_weights 000000018001af20 f   sfc_debug:sfcdebug.obj
 0001:00019fc0       sf_debug_set_instance_state_coverage_weights 000000018001afc0 f   sfc_debug:sfcdebug.obj
 0001:0001a210       sf_debug_unload_machine    000000018001b210 f   sfc_debug:sfcdebug.obj
 0001:0001a260       sf_debug_load_machine      000000018001b260 f   sfc_debug:sfcdebug.obj
 0001:0001a360       sf_debug_set_active_instance_in_data_dictionary 000000018001b360 f   sfc_debug:sfcdebug.obj
 0001:0001a540       sf_debug_set_active_instance 000000018001b540 f   sfc_debug:sfcdebug.obj
 0001:0001a680       sf_debug_chart_visiblity_change 000000018001b680 f   sfc_debug:sfcdebug.obj
 0001:0001a760       sf_debug_select_chart      000000018001b760 f   sfc_debug:sfcdebug.obj
 0001:0001a830       sf_debug_set_instance_cv_ids 000000018001b830 f   sfc_debug:sfcdebug.obj
 0001:0001ab40       sf_debug_select_charts     000000018001bb40 f   sfc_debug:sfcdebug.obj
 0001:0001ac80       sf_debug_initialized       000000018001bc80 f   sfc_debug:sfcdebug.obj
 0001:0001ac90       sf_debug_is_uninterruptible 000000018001bc90 f   sfc_debug:sfcdebug.obj
 0001:0001acc0       sf_debug_initialize_debugger_gui 000000018001bcc0 f   sfc_debug:sfcdebug.obj
 0001:0001b0b0       sf_debug_resume            000000018001c0b0 f   sfc_debug:sfcdebug.obj
 0001:0001b0d0       sf_debug_go                000000018001c0d0 f   sfc_debug:sfcdebug.obj
 0001:0001b0e0       sf_debug_break             000000018001c0e0 f   sfc_debug:sfcdebug.obj
 0001:0001b0f0       sf_debug_step_over         000000018001c0f0 f   sfc_debug:sfcdebug.obj
 0001:0001b100       sf_debug_step_out          000000018001c100 f   sfc_debug:sfcdebug.obj
 0001:0001b110       sf_debug_set_disable_all_breakpoints 000000018001c110 f   sfc_debug:sfcdebug.obj
 0001:0001b120       sf_debug_disable_all_breakpoints_and_go 000000018001c120 f   sfc_debug:sfcdebug.obj
 0001:0001b130       sf_debug_break_on_chart_entry 000000018001c130 f   sfc_debug:sfcdebug.obj
 0001:0001b140       sf_debug_break_on_event_broadcast 000000018001c140 f   sfc_debug:sfcdebug.obj
 0001:0001b150       sf_debug_break_on_state_entry 000000018001c150 f   sfc_debug:sfcdebug.obj
 0001:0001b160       sf_debug_break_between_times 000000018001c160 f   sfc_debug:sfcdebug.obj
 0001:0001b180       sf_debug_browse_data       000000018001c180 f   sfc_debug:sfcdebug.obj
 0001:0001b1a0       sf_debug_watch_data        000000018001c1a0 f   sfc_debug:sfcdebug.obj
 0001:0001b1c0       sf_debug_assign_data       000000018001c1c0 f   sfc_debug:sfcdebug.obj
 0001:0001b1e0       sf_debug_whos              000000018001c1e0 f   sfc_debug:sfcdebug.obj
 0001:0001b200       sf_debug_get_consistency_info 000000018001c200 f   sfc_debug:sfcdebug.obj
 0001:0001b210       sf_debug_browse_trace      000000018001c210 f   sfc_debug:sfcdebug.obj
 0001:0001b220       sf_debug_set_breakpoints   000000018001c220 f   sfc_debug:sfcdebug.obj
 0001:0001b380       sf_debug_set_eml_breakpoints 000000018001c380 f   sfc_debug:sfcdebug.obj
 0001:0001b4e0       sf_debug_set_script_breakpoints 000000018001c4e0 f   sfc_debug:sfcdebug.obj
 0001:0001b560       sf_debug_add_script_breakpoints 000000018001c560 f   sfc_debug:sfcdebug.obj
 0001:0001b5d0       sf_debug_clear_script_breakpoints 000000018001c5d0 f   sfc_debug:sfcdebug.obj
 0001:0001b640       sf_debug_query_script_breakpoints 000000018001c640 f   sfc_debug:sfcdebug.obj
 0001:0001b700       sf_debug_get_eml_script_id 000000018001c700 f   sfc_debug:sfcdebug.obj
 0001:0001b750       sf_debug_set_watch         000000018001c750 f   sfc_debug:sfcdebug.obj
 0001:0001b980       sf_debug_get_coverage      000000018001c980 f   sfc_debug:sfcdebug.obj
 0001:0001b990       sf_debug_get_instance_handle 000000018001c990 f   sfc_debug:sfcdebug.obj
 0001:0001ba20       sf_debug_get_active_states 000000018001ca20 f   sfc_debug:sfcdebug.obj
 0001:0001ba30       sf_debug_get_animation     000000018001ca30 f   sfc_debug:sfcdebug.obj
 0001:0001ba40       sf_debug_set_animation     000000018001ca40 f   sfc_debug:sfcdebug.obj
 0001:0001ba50       sf_debug_animate           000000018001ca50 f   sfc_debug:sfcdebug.obj
 0001:0001ba80       sf_debug_cycle_detection_check 000000018001ca80 f   sfc_debug:sfcdebug.obj
 0001:0001ba90       sf_debug_data_range_check  000000018001ca90 f   sfc_debug:sfcdebug.obj
 0001:0001baa0       sf_debug_transition_conflict_check 000000018001caa0 f   sfc_debug:sfcdebug.obj
 0001:0001bab0       sf_debug_state_consistency_check 000000018001cab0 f   sfc_debug:sfcdebug.obj
 0001:0001bac0       sf_debug_data_range_check_enabled 000000018001cac0 f   sfc_debug:sfcdebug.obj
 0001:0001bae0       sf_debug_transition_conflict_check_enabled 000000018001cae0 f   sfc_debug:sfcdebug.obj
 0001:0001bb00       sf_debug_transition_conflict_check_begin 000000018001cb00 f   sfc_debug:sfcdebug.obj
 0001:0001bb20       sf_debug_transition_conflict_check_end 000000018001cb20 f   sfc_debug:sfcdebug.obj
 0001:0001bb40       sf_debug_stop_debugging    000000018001cb40 f   sfc_debug:sfcdebug.obj
 0001:0001bb70       sf_debug_is_cycle_detected 000000018001cb70 f   sfc_debug:sfcdebug.obj
 0001:0001bb80       sf_debug_is_array_bounds_detected 000000018001cb80 f   sfc_debug:sfcdebug.obj
 0001:0001bb90       sf_debug_get_state_vectors_data_size 000000018001cb90 f   sfc_debug:sfcdebug.obj
 0001:0001bbd0       sf_debug_get_state_vectors_data 000000018001cbd0 f   sfc_debug:sfcdebug.obj
 0001:0001bcd0       sf_debug_set_state_vectors_data 000000018001ccd0 f   sfc_debug:sfcdebug.obj
 0001:0001bf90       sf_debug_get_script_index  000000018001cf90 f   sfc_debug:sfcdebug.obj
 0001:0001c120       sf_debug_add_script        000000018001d120 f   sfc_debug:sfcdebug.obj
 0001:0001c2b0       cv_eval_point              000000018001d2b0 f   sfc_debug:sfcdebug.obj
 0001:0001c420       sf_debug_cv_init_state     000000018001d420 f   sfc_debug:sfcdebug.obj
 0001:0001c540       sf_debug_cv_init_chart     000000018001d540 f   sfc_debug:sfcdebug.obj
 0001:0001c620       sf_debug_cv_init_trans     000000018001d620 f   sfc_debug:sfcdebug.obj
 0001:0001c790       cv_eml_init_script         000000018001d790 f   sfc_debug:sfcdebug.obj
 0001:0001c870       cv_eml_init_fcn            000000018001d870 f   sfc_debug:sfcdebug.obj
 0001:0001c920       cv_eml_init_testobjective  000000018001d920 f   sfc_debug:sfcdebug.obj
 0001:0001c9d0       cv_eml_init_if             000000018001d9d0 f   sfc_debug:sfcdebug.obj
 0001:0001ca80       cv_eml_init_for            000000018001da80 f   sfc_debug:sfcdebug.obj
 0001:0001cb30       cv_eml_init_while          000000018001db30 f   sfc_debug:sfcdebug.obj
 0001:0001cbe0       cv_eml_init_mcdc           000000018001dbe0 f   sfc_debug:sfcdebug.obj
 0001:0001cce0       cv_eml_init_switch         000000018001dce0 f   sfc_debug:sfcdebug.obj
 0001:0001cdc0       cv_eml_eval                000000018001ddc0 f   sfc_debug:sfcdebug.obj
 0001:0001cea0       sf_debug_bm_is_a_eml_breakpoint 000000018001dea0 f   sfc_debug:sfcdebug.obj
 0001:0001cff0       sf_debug_temporal_threshold 000000018001dff0 f   sfc_debug:sfcdebug.obj
 0001:0001d350       sf_debug_transition_conflict_error 000000018001e350 f   sfc_debug:sfcdebug.obj
 0001:0001d6d0       sf_debug_state_inconsistency_error 000000018001e6d0 f   sfc_debug:sfcdebug.obj
 0001:0001d7f0       sf_debug_check_for_state_inconsistency 000000018001e7f0 f   sfc_debug:sfcdebug.obj
 0001:0001d820       sf_debug_cycle_detecton_error 000000018001e820 f   sfc_debug:sfcdebug.obj
 0001:0001e010       sf_debug_size_eq_check_1d  000000018001f010 f   sfc_debug:sfcdebug.obj
 0001:0001e030       sf_debug_size_eq_check_nd  000000018001f030 f   sfc_debug:sfcdebug.obj
 0001:0001e210       sf_debug_dim_size_eq_check 000000018001f210 f   sfc_debug:sfcdebug.obj
 0001:0001e240       sf_debug_dim_size_geq_check 000000018001f240 f   sfc_debug:sfcdebug.obj
 0001:0001e270       sf_debug_sub_assign_size_check_nd 000000018001f270 f   sfc_debug:sfcdebug.obj
 0001:0001e4b0       sf_debug_matrix_matrix_index_check 000000018001f4b0 f   sfc_debug:sfcdebug.obj
 0001:0001e4e0       sf_debug_vector_vector_index_check 000000018001f4e0 f   sfc_debug:sfcdebug.obj
 0001:0001e510       sf_debug_runtime_error_msgid 000000018001f510 f   sfc_debug:sfcdebug.obj
 0001:0001e5a0       sf_debug_data_array_bounds_error_check 000000018001f5a0 f   sfc_debug:sfcdebug.obj
 0001:0001e6b0       sf_debug_eml_data_array_bounds_error_check 000000018001f6b0 f   sfc_debug:sfcdebug.obj
 0001:0001eb90       sf_debug_integer_check     000000018001fb90 f   sfc_debug:sfcdebug.obj
 0001:0001ec70       sf_debug_not_nan_check     000000018001fc70 f   sfc_debug:sfcdebug.obj
 0001:0001ed30       sf_debug_non_negative_check 000000018001fd30 f   sfc_debug:sfcdebug.obj
 0001:0001edf0       sf_debug_overflow_detection 000000018001fdf0 f   sfc_debug:sfcdebug.obj
 0001:0001f4e0       sf_debug_cast_to_real32_T  00000001800204e0 f   sfc_debug:sfcdebug.obj
 0001:0001f5a0       sf_debug_cast_to_int8_T    00000001800205a0 f   sfc_debug:sfcdebug.obj
 0001:0001f660       sf_debug_cast_to_uint8_T   0000000180020660 f   sfc_debug:sfcdebug.obj
 0001:0001f720       sf_debug_cast_to_int16_T   0000000180020720 f   sfc_debug:sfcdebug.obj
 0001:0001f7e0       sf_debug_cast_to_uint16_T  00000001800207e0 f   sfc_debug:sfcdebug.obj
 0001:0001f8a0       sf_debug_cast_to_int32_T   00000001800208a0 f   sfc_debug:sfcdebug.obj
 0001:0001f960       sf_debug_cast_to_uint32_T  0000000180020960 f   sfc_debug:sfcdebug.obj
 0001:0001fa20       sf_debug_data_range_error  0000000180020a20 f   sfc_debug:sfcdebug.obj
 0001:0001fea0       sf_debug_data_range_error_wrapper_min_max 0000000180020ea0 f   sfc_debug:sfcdebug.obj
 0001:0001ff90       sf_debug_data_range_error_wrapper_min 0000000180020f90 f   sfc_debug:sfcdebug.obj
 0001:00020070       sf_debug_data_range_error_wrapper_max 0000000180021070 f   sfc_debug:sfcdebug.obj
 0001:00020150       sf_debug_data_range_wrapper 0000000180021150 f   sfc_debug:sfcdebug.obj
 0001:00020200       sf_debug_set_current_status_info 0000000180021200 f   sfc_debug:sfcdebug.obj
 0001:000205b0       sf_debug_call              00000001800215b0 f   sfc_debug:sfcdebug.obj
 0001:00021470       sf_debug_initialize_machine 0000000180022470 f   sfc_debug:sfcdebug.obj
 0001:00021780       sf_debug_initialize_chart  0000000180022780 f   sfc_debug:sfcdebug.obj
 0001:00021c60       sf_debug_ensure_script     0000000180022c60 f   sfc_debug:sfcdebug.obj
 0001:00021d20       cv_script_init_script      0000000180022d20 f   sfc_debug:sfcdebug.obj
 0001:00021e00       cv_script_init_fcn         0000000180022e00 f   sfc_debug:sfcdebug.obj
 0001:00021eb0       cv_script_init_testobjective 0000000180022eb0 f   sfc_debug:sfcdebug.obj
 0001:00021f60       cv_script_init_if          0000000180022f60 f   sfc_debug:sfcdebug.obj
 0001:00022010       cv_script_init_for         0000000180023010 f   sfc_debug:sfcdebug.obj
 0001:000220c0       cv_script_init_while       00000001800230c0 f   sfc_debug:sfcdebug.obj
 0001:00022170       cv_script_init_mcdc        0000000180023170 f   sfc_debug:sfcdebug.obj
 0001:00022270       cv_script_init_switch      0000000180023270 f   sfc_debug:sfcdebug.obj
 0001:00022350       cv_script_eval             0000000180023350 f   sfc_debug:sfcdebug.obj
 0001:00022430       eml_debug_line_call        0000000180023430 f   sfc_debug:sfcdebug.obj
 0001:000225e0       sf_debug_terminate         00000001800235e0 f   sfc_debug:sfcdebug.obj
 0001:00022750       sf_debug_set_script_cv_ids 0000000180023750 f   sfc_debug:sfcdebug.obj
 0001:00022920       sf_debug_api               0000000180023920 f   sfc_debug:sfc_api.obj
 0001:00024150       sf_debug_sm_terminate      0000000180025150 f   sfc_debug:sfdb_animation.obj
 0001:00024310       sf_debug_reset_path_objects 0000000180025310 f   sfc_debug:sfdb_animation.obj
 0001:00024390       sf_debug_sm_reset_object_selection_status 0000000180025390 f   sfc_debug:sfdb_animation.obj
 0001:00024430       sf_debug_sm_reset_state_buffer 0000000180025430 f   sfc_debug:sfdb_animation.obj
 0001:00024500       sf_debug_sm_store_state_buffer 0000000180025500 f   sfc_debug:sfdb_animation.obj
 0001:00024580       sf_debug_sm_restore_state_buffer1 0000000180025580 f   sfc_debug:sfdb_animation.obj
 0001:000245f0       sf_debug_sm_restore_state_buffer2 00000001800255f0 f   sfc_debug:sfdb_animation.obj
 0001:00024660       sf_debug_sm_chart_active   0000000180025660 f   sfc_debug:sfdb_animation.obj
 0001:000246b0       sf_debug_sm_select_active_objects 00000001800256b0 f   sfc_debug:sfdb_animation.obj
 0001:00024b60       sf_debug_sm_is_chart_active 0000000180025b60 f   sfc_debug:sfdb_animation.obj
 0001:00024ba0       sf_debug_sm_is_state_active 0000000180025ba0 f   sfc_debug:sfdb_animation.obj
 0001:00024de0       sf_debug_sm_get_active_states 0000000180025de0 f   sfc_debug:sfdb_animation.obj
 0001:000253a0       sf_debug_sm_initialize_instance 00000001800263a0 f   sfc_debug:sfdb_animation.obj
 0001:000255f0       sf_debug_sm_change_object_selection_status 00000001800265f0 f   sfc_debug:sfdb_animation.obj
 0001:000258e0       cv_create_interface        00000001800268e0 f   sfc_debug:cv_sfinterface.obj
 0001:00025c40       cv_init_trans              0000000180026c40 f   sfc_debug:cv_sfinterface.obj
 0001:00025c90       cv_init_state              0000000180026c90 f   sfc_debug:cv_sfinterface.obj
 0001:00025d00       cv_init_chart              0000000180026d00 f   sfc_debug:cv_sfinterface.obj
 0001:00025d50       cv_dec_update_call         0000000180026d50 f   sfc_debug:cv_sfinterface.obj
 0001:00025d90       cv_cond_update_call        0000000180026d90 f   sfc_debug:cv_sfinterface.obj
 0001:00025dd0       cv_sigrange_update         0000000180026dd0 f   sfc_debug:cv_sfinterface.obj
 0001:00025e10       cvsf_eml_eval              0000000180026e10 f   sfc_debug:cv_sfinterface.obj
 0001:00025ef0       cvsf_eml_init_script       0000000180026ef0 f   sfc_debug:cv_sfinterface.obj
 0001:00025f70       cvsf_eml_init_fcn          0000000180026f70 f   sfc_debug:cv_sfinterface.obj
 0001:00025fd0       cvsf_eml_init_testobjective 0000000180026fd0 f   sfc_debug:cv_sfinterface.obj
 0001:00026030       cvsf_eml_init_if           0000000180027030 f   sfc_debug:cv_sfinterface.obj
 0001:00026090       cvsf_eml_init_for          0000000180027090 f   sfc_debug:cv_sfinterface.obj
 0001:000260e0       cvsf_eml_init_while        00000001800270e0 f   sfc_debug:cv_sfinterface.obj
 0001:00026130       cvsf_eml_init_mcdc         0000000180027130 f   sfc_debug:cv_sfinterface.obj
 0001:000261c0       cvsf_eml_init_switch       00000001800271c0 f   sfc_debug:cv_sfinterface.obj
 0001:00026230       cvsf_script_eval           0000000180027230 f   sfc_debug:cv_sfinterface.obj
 0001:00026310       cvsf_script_init_script    0000000180027310 f   sfc_debug:cv_sfinterface.obj
 0001:00026390       cvsf_script_init_fcn       0000000180027390 f   sfc_debug:cv_sfinterface.obj
 0001:000263f0       cvsf_script_init_testobjective 00000001800273f0 f   sfc_debug:cv_sfinterface.obj
 0001:00026450       cvsf_script_init_if        0000000180027450 f   sfc_debug:cv_sfinterface.obj
 0001:000264b0       cvsf_script_init_for       00000001800274b0 f   sfc_debug:cv_sfinterface.obj
 0001:00026500       cvsf_script_init_while     0000000180027500 f   sfc_debug:cv_sfinterface.obj
 0001:00026550       cvsf_script_init_mcdc      0000000180027550 f   sfc_debug:cv_sfinterface.obj
 0001:000265e0       cvsf_script_init_switch    00000001800275e0 f   sfc_debug:cv_sfinterface.obj
 0001:00026650       cv_destroy_interface       0000000180027650 f   sfc_debug:cv_sfinterface.obj
 0001:00026670       cv_create_instance_objects 0000000180027670 f   sfc_debug:cv_sfinterface.obj
 0001:00026b20       cv_is_enabled              0000000180027b20 f   sfc_debug:cv_sfinterface.obj
 0001:00026b30       sf_debug_cv_initialize_script 0000000180027b30 f   sfc_debug:cv_sfinterface.obj
 0001:00026ce0       sf_debug_cv_initialize_instance 0000000180027ce0 f   sfc_debug:cv_sfinterface.obj
 0001:00027080       sf_debug_cv_terminate_chart 0000000180028080 f   sfc_debug:cv_sfinterface.obj
 0001:000271c0       cv_call_trans_test         00000001800281c0 f   sfc_debug:cv_sfinterface.obj
 0001:000271d0       cv_call_sub_cond_test      00000001800281d0 f   sfc_debug:cv_sfinterface.obj
 0001:00027300       sf_debug_hm_initialize_instance 0000000180028300 f   sfc_debug:sfdb_handle_management.obj
 0001:00027880       sf_debug_hm_get_object_id  0000000180028880 f   sfc_debug:sfdb_handle_management.obj
 0001:000297f0       sf_debug_object_is_eml_function 000000018002a7f0 f   sfc_debug:sfdb_handle_management.obj
 0001:00029860       sf_debug_hm_initialize_ids_in_machine 000000018002a860 f   sfc_debug:sfdb_handle_management.obj
 0001:000299d0       sf_debug_hm_initialize_ids_in_chart 000000018002a9d0 f   sfc_debug:sfdb_handle_management.obj
 0001:00029b10       sf_debug_hm_initialize_chart 000000018002ab10 f   sfc_debug:sfdb_handle_management.obj
 0001:0002a2c0       sf_debug_hm_terminate      000000018002b2c0 f   sfc_debug:sfdb_handle_management.obj
 0001:0002a320       sf_debug_hm_initialize_machine 000000018002b320 f   sfc_debug:sfdb_handle_management.obj
 0001:0002aad0       sf_debug_st_initialize_machine 000000018002bad0 f   sfc_debug:sfdb_data_browse.obj
 0001:0002ab90       sf_debug_st_initialize_instance 000000018002bb90 f   sfc_debug:sfdb_data_browse.obj
 0001:0002adc0       sf_debug_st_terminate      000000018002bdc0 f   sfc_debug:sfdb_data_browse.obj
 0001:0002b160       sf_debug_st_set_data_value_ptr_in_machine 000000018002c160 f   sfc_debug:sfdb_data_browse.obj
 0001:0002b1f0       sf_debug_st_set_data_value_ptr_in_instance 000000018002c1f0 f   sfc_debug:sfdb_data_browse.obj
 0001:0002b2d0       sf_debug_st_unset_data_value_ptr_in_machine 000000018002c2d0 f   sfc_debug:sfdb_data_browse.obj
 0001:0002b340       sf_debug_st_unset_data_value_ptr_in_instance 000000018002c340 f   sfc_debug:sfdb_data_browse.obj
 0001:0002b650       sf_debug_mx_value          000000018002c650 f   sfc_debug:sfdb_data_browse.obj
 0001:0002b6b0       sf_debug_mx_packed_vector  000000018002c6b0 f   sfc_debug:sfdb_data_browse.obj
 0001:0002b790       sf_debug_mx_uint_vector    000000018002c790 f   sfc_debug:sfdb_data_browse.obj
 0001:0002b850       sf_debug_st_get_double_value_from_void_ptr_vector 000000018002c850 f   sfc_debug:sfdb_data_browse.obj
 0001:0002c340       sf_debug_st_browse_data    000000018002d340 f   sfc_debug:sfdb_data_browse.obj
 0001:0002cae0       sf_debug_ss_initialize     000000018002dae0 f   sfc_debug:sfdb_symbol_scope.obj
 0001:0002cb00       sf_debug_ss_terminate      000000018002db00 f   sfc_debug:sfdb_symbol_scope.obj
 0001:0002cb90       sf_debug_ss_push_symbol_scope 000000018002db90 f   sfc_debug:sfdb_symbol_scope.obj
 0001:0002cc90       sf_debug_ss_push_symbol_scope_eml 000000018002dc90 f   sfc_debug:sfdb_symbol_scope.obj
 0001:0002ccf0       sf_debug_ss_pop_symbol_scope 000000018002dcf0 f   sfc_debug:sfdb_symbol_scope.obj
 0001:0002cda0       sf_debug_ss_add_symbol     000000018002dda0 f   sfc_debug:sfdb_symbol_scope.obj
 0001:0002cf00       sf_debug_ss_add_symbol_eml 000000018002df00 f   sfc_debug:sfdb_symbol_scope.obj
 0001:0002dbe0       sf_debug_ss_set_data_value 000000018002ebe0 f   sfc_debug:sfdb_symbol_scope.obj
 0001:0002e080       sf_debug_ss_watch_data     000000018002f080 f   sfc_debug:sfdb_symbol_scope.obj
 0001:0002e120       sf_debug_ss_assign_data    000000018002f120 f   sfc_debug:sfdb_symbol_scope.obj
 0001:0002eb20       get_data_entry_name        000000018002fb20 f   sfc_debug:sfdb_symbol_scope.obj
 0001:0002eb70       sf_debug_ss_whos           000000018002fb70 f   sfc_debug:sfdb_symbol_scope.obj
 0001:0002f280       sf_debug_cc_initialize_chart 0000000180030280 f   sfc_debug:sfdb_coverage.obj
 0001:0002fc70       sf_debug_cc_initialize_instance 0000000180030c70 f   sfc_debug:sfdb_coverage.obj
 0001:00030a70       sf_debug_cc_terminate      0000000180031a70 f   sfc_debug:sfdb_coverage.obj
 0001:00030b60       sf_debug_cc_set_transition_maps 0000000180031b60 f   sfc_debug:sfdb_coverage.obj
 0001:00030c90       sf_debug_cc_set_state_maps 0000000180031c90 f   sfc_debug:sfdb_coverage.obj
 0001:00030d70       sf_debug_cc_set_transition_weights 0000000180031d70 f   sfc_debug:sfdb_coverage.obj
 0001:00031040       sf_debug_cc_set_state_weights 0000000180032040 f   sfc_debug:sfdb_coverage.obj
 0001:00031310       sf_debug_cc_mark_transition_guard 0000000180032310 f   sfc_debug:sfdb_coverage.obj
 0001:000313a0       sf_debug_cc_mark_transition_trigger 00000001800323a0 f   sfc_debug:sfdb_coverage.obj
 0001:00031430       sf_debug_cc_mark_transition_decision 0000000180032430 f   sfc_debug:sfdb_coverage.obj
 0001:000314a0       sf_debug_cc_mark_transition_condition_action 00000001800324a0 f   sfc_debug:sfdb_coverage.obj
 0001:000314f0       sf_debug_cc_mark_transition_transition_action 00000001800324f0 f   sfc_debug:sfdb_coverage.obj
 0001:00031540       sf_debug_cc_mark_state_entry 0000000180032540 f   sfc_debug:sfdb_coverage.obj
 0001:00031590       sf_debug_cc_mark_state_during 0000000180032590 f   sfc_debug:sfdb_coverage.obj
 0001:000315e0       sf_debug_cc_mark_state_exit 00000001800325e0 f   sfc_debug:sfdb_coverage.obj
 0001:00031e20       sf_debug_cc_get_coverage   0000000180032e20 f   sfc_debug:sfdb_coverage.obj
 0001:000323c0       sf_debug_bm_clear_script_breakpoints 00000001800333c0 f   sfc_debug:sfdb_breakpoints.obj
 0001:000323f0       sf_debug_bm_set_script_breakpoint 00000001800333f0 f   sfc_debug:sfdb_breakpoints.obj
 0001:00032470       sf_debug_bm_clear_single_script_breakpoint 0000000180033470 f   sfc_debug:sfdb_breakpoints.obj
 0001:000324f0       sf_debug_bm_query_script_breakpoint 00000001800334f0 f   sfc_debug:sfdb_breakpoints.obj
 0001:00032540       sf_debug_bm_initialize_scripts 0000000180033540 f   sfc_debug:sfdb_breakpoints.obj
 0001:00032c60       sf_debug_bm_terminate      0000000180033c60 f   sfc_debug:sfdb_breakpoints.obj
 0001:00032f50       sf_debug_bm_remove_all_breakpoints_in_machine 0000000180033f50 f   sfc_debug:sfdb_breakpoints.obj
 0001:00032fc0       sf_debug_bm_remove_all_breakpoints_in_chart 0000000180033fc0 f   sfc_debug:sfdb_breakpoints.obj
 0001:00033110       sf_debug_bm_initialize_global_breakpoints 0000000180034110 f   sfc_debug:sfdb_breakpoints.obj
 0001:00033290       sf_debug_bm_set_breakpoint 0000000180034290 f   sfc_debug:sfdb_breakpoints.obj
 0001:000338c0       sf_debug_bm_set_eml_breakpoint 00000001800348c0 f   sfc_debug:sfdb_breakpoints.obj
 0001:00033960       sf_debug_bm_initialize_machine_breakpoint_map 0000000180034960 f   sfc_debug:sfdb_breakpoints.obj
 0001:00033d80       sf_debug_bm_is_a_breakpoint 0000000180034d80 f   sfc_debug:sfdb_breakpoints.obj
 0001:000342a0       sf_debug_bm_get_all_breakpoints_in_machine 00000001800352a0 f   sfc_debug:sfdb_breakpoints.obj
 0001:000345a0       sf_debug_bm_get_all_breakpoints_in_chart 00000001800355a0 f   sfc_debug:sfdb_breakpoints.obj
 0001:00035260       sf_debug_bm_initialize_machine 0000000180036260 f   sfc_debug:sfdb_breakpoints.obj
 0001:00035330       sf_debug_bm_initialize_chart 0000000180036330 f   sfc_debug:sfdb_breakpoints.obj
 0001:00035750       sf_debug_sc_terminate      0000000180036750 f   sfc_debug:sfdb_state_consistency.obj
 0001:00035a80       sf_debug_sc_is_chart_consistent 0000000180036a80 f   sfc_debug:sfdb_state_consistency.obj
 0001:00035d30       sf_debug_sc_get_consistency_error_info 0000000180036d30 f   sfc_debug:sfdb_state_consistency.obj
 0001:00036180       sf_debug_tm_terminate      0000000180037180 f   sfc_debug:sfdb_call_stack.obj
 0001:00036240       sf_debug_tm_push_chart_instance 0000000180037240 f   sfc_debug:sfdb_call_stack.obj
 0001:00036390       sf_debug_tm_pop_chart_instance 0000000180037390 f   sfc_debug:sfdb_call_stack.obj
 0001:000363f0       sf_debug_tm_push_trace_node 00000001800373f0 f   sfc_debug:sfdb_call_stack.obj
 0001:00036580       sf_debug_tm_pop_trace_node 0000000180037580 f   sfc_debug:sfdb_call_stack.obj
 0001:00036600       sf_debug_tm_get_current_global_trace_index 0000000180037600 f   sfc_debug:sfdb_call_stack.obj
 0001:00036610       sf_debug_tm_get_current_local_trace_index 0000000180037610 f   sfc_debug:sfdb_call_stack.obj
 0001:00036640       sf_debug_tm_set_cycle_detected_flag 0000000180037640 f   sfc_debug:sfdb_call_stack.obj
 0001:00036680       sf_debug_tm_set_cycle_started_flag 0000000180037680 f   sfc_debug:sfdb_call_stack.obj
 0001:000366c0       sf_debug_tm_get_chart_number_from_stack 00000001800376c0 f   sfc_debug:sfdb_call_stack.obj
 0001:000368c0       sf_debug_tm_browse_trace   00000001800378c0 f   sfc_debug:sfdb_call_stack.obj
 0001:00036c00       sf_debug_cd_initialize_instance 0000000180037c00 f   sfc_debug:sfdb_cycle_detection.obj
 0001:00036eb0       sf_debug_cd_mark_processed_transition_in_instance 0000000180037eb0 f   sfc_debug:sfdb_cycle_detection.obj
 0001:00036f50       sf_debug_cd_checksum_push  0000000180037f50 f   sfc_debug:sfdb_cycle_detection.obj
 0001:00037210       sf_debug_cd_checksum_pop   0000000180038210 f   sfc_debug:sfdb_cycle_detection.obj
 0001:00037280       sf_debug_cd_turn_off_cycle_detection 0000000180038280 f   sfc_debug:sfdb_cycle_detection.obj
 0001:000372d0       sf_debug_cd_terminate      00000001800382d0 f   sfc_debug:sfdb_cycle_detection.obj
 0001:00037510       md5_initialize_state       0000000180038510 f   sfc_debug:ckmd5.obj
 0001:00037f80       md5_update_state           0000000180038f80 f   sfc_debug:ckmd5.obj
 0001:00037fa0       md5_get_hash               0000000180038fa0 f   sfc_debug:ckmd5.obj
 0001:00037fd0       md5_get_hash_for_a_single_string 0000000180038fd0 f   sfc_debug:ckmd5.obj
 0001:00038034       mxGetPr                    0000000180039034 f   libmx:libmx.dll
 0001:0003803a       mxCreateDoubleScalar       000000018003903a f   libmx:libmx.dll
 0001:00038040       mxSetField_730             0000000180039040 f   libmx:libmx.dll
 0001:00038046       mxCreateDoubleMatrix_730   0000000180039046 f   libmx:libmx.dll
 0001:0003804c       mxCreateStructMatrix_730   000000018003904c f   libmx:libmx.dll
 0001:00038052       mxDestroyArray             0000000180039052 f   libmx:libmx.dll
 0001:00038058       mxCreateString             0000000180039058 f   libmx:libmx.dll
 0001:0003805e       mxDuplicateArray           000000018003905e f   libmx:libmx.dll
 0001:00038064       mxGetString_730            0000000180039064 f   libmx:libmx.dll
 0001:0003806a       mxIsChar                   000000018003906a f   libmx:libmx.dll
 0001:00038070       mxGetClassID               0000000180039070 f   libmx:libmx.dll
 0001:00038076       mxIsNumeric                0000000180039076 f   libmx:libmx.dll
 0001:0003807c       mxIsComplex                000000018003907c f   libmx:libmx.dll
 0001:00038082       mxGetN                     0000000180039082 f   libmx:libmx.dll
 0001:00038088       mxGetM                     0000000180039088 f   libmx:libmx.dll
 0001:0003808e       mxCalloc                   000000018003908e f   libmx:libmx.dll
 0001:00038094       mxGetScalar                0000000180039094 f   libmx:libmx.dll
 0001:0003809a       mxIsLogical                000000018003909a f   libmx:libmx.dll
 0001:000380a0       mxCreateDoubleMatrix_700   00000001800390a0 f   libmx:libmx.dll
 0001:000380a6       mxFree                     00000001800390a6 f   libmx:libmx.dll
 0001:000380ac       mxArrayToString            00000001800390ac f   libmx:libmx.dll
 0001:000380b2       mxCreateCellMatrix_700     00000001800390b2 f   libmx:libmx.dll
 0001:000380b8       mxSetCell_700              00000001800390b8 f   libmx:libmx.dll
 0001:000380be       mxGetCell_700              00000001800390be f   libmx:libmx.dll
 0001:000380c4       mxGetClassName             00000001800390c4 f   libmx:libmx.dll
 0001:000380ca       mxSetField_700             00000001800390ca f   libmx:libmx.dll
 0001:000380d0       mxAddField                 00000001800390d0 f   libmx:libmx.dll
 0001:000380d6       mxGetField_700             00000001800390d6 f   libmx:libmx.dll
 0001:000380dc       mxGetNumberOfElements      00000001800390dc f   libmx:libmx.dll
 0001:000380e2       mxIsStruct                 00000001800390e2 f   libmx:libmx.dll
 0001:000380e8       mxIsClass                  00000001800390e8 f   libmx:libmx.dll
 0001:000380ee       mxGetLogicals              00000001800390ee f   libmx:libmx.dll
 0001:000380f4       mxIsSparse                 00000001800390f4 f   libmx:libmx.dll
 0001:000380fa       mxSetFieldByNumber_700     00000001800390fa f   libmx:libmx.dll
 0001:00038100       mxGetFieldByNumber_700     0000000180039100 f   libmx:libmx.dll
 0001:00038106       mxGetFieldNameByNumber     0000000180039106 f   libmx:libmx.dll
 0001:0003810c       mxGetNumberOfFields        000000018003910c f   libmx:libmx.dll
 0001:00038112       mxCreateStructMatrix_700   0000000180039112 f   libmx:libmx.dll
 0001:00038118       mxGetFieldNumber           0000000180039118 f   libmx:libmx.dll
 0001:0003811e       mxIsNaN                    000000018003911e f   libmx:libmx.dll
 0001:00038124       mxIsEmpty                  0000000180039124 f   libmx:libmx.dll
 0001:0003812a       mxGetData                  000000018003912a f   libmx:libmx.dll
 0001:00038130       mxGetImagData              0000000180039130 f   libmx:libmx.dll
 0001:00038136       mxArrayClassIDName         0000000180039136 f   libmx:libmx.dll
 0001:0003813c       mxCreateNumericMatrix_700  000000018003913c f   libmx:libmx.dll
 0001:00038142       mxCreateStructArray_700    0000000180039142 f   libmx:libmx.dll
 0001:00038148       mxCalcSingleSubscript_700  0000000180039148 f   libmx:libmx.dll
 0001:0003814e       mxGetDimensions_700        000000018003914e f   libmx:libmx.dll
 0001:00038154       mxGetNumberOfDimensions_700 0000000180039154 f   libmx:libmx.dll
 0001:0003815a       mxCreateNumericArray_700   000000018003915a f   libmx:libmx.dll
 0001:00038160       mxGetElementSize           0000000180039160 f   libmx:libmx.dll
 0001:00038166       mxCreateStringFromNChars_700 0000000180039166 f   libmx:libmx.dll
 0001:0003816c       mxGetString_700            000000018003916c f   libmx:libmx.dll
 0001:00038172       mxIsLogicalScalarTrue      0000000180039172 f   libmx:libmx.dll
 0001:00038178       mxCreateLogicalScalar      0000000180039178 f   libmx:libmx.dll
 0001:0003817e       mexUnlock                  000000018003917e f   libmex:libmex.dll
 0001:00038184       mexIsLocked                0000000180039184 f   libmex:libmex.dll
 0001:0003818a       mexWarnMsgTxt              000000018003918a f   libmex:libmex.dll
 0001:00038190       mexCallMATLAB              0000000180039190 f   libmex:libmex.dll
 0001:00038196       mexErrMsgTxt               0000000180039196 f   libmex:libmex.dll
 0001:0003819c       mexSetTrapFlag             000000018003919c f   libmex:libmex.dll
 0001:000381a2       mexMakeArrayPersistent     00000001800391a2 f   libmex:libmex.dll
 0001:000381a8       mexPutVariable             00000001800391a8 f   libmex:libmex.dll
 0001:000381ae       mexGetVariable             00000001800391ae f   libmex:libmex.dll
 0001:000381b4       mexLock                    00000001800391b4 f   libmex:libmex.dll
 0001:000381ba       mexMakeMemoryPersistent    00000001800391ba f   libmex:libmex.dll
 0001:000381c0       mexFunctionName            00000001800391c0 f   libmex:libmex.dll
 0001:000381c6       ssRegisterDataTypeFxpFSlopeFixExpBias 00000001800391c6 f   libfixedpoint:libfixedpoint.dll
 0001:000381cc       utVSNprintf                00000001800391cc f   libut:libut.dll
 0001:000381d2       utCPUtime                  00000001800391d2 f   libut:libut.dll
 0001:000381d8       utFree                     00000001800391d8 f   libut:libut.dll
 0001:000381de       utMalloc                   00000001800391de f   libut:libut.dll
 0001:000381e4       muDoubleScalarAbs          00000001800391e4 f   libmwmathutil:libmwmathutil.dll
 0001:000381ea       muDoubleScalarCos          00000001800391ea f   libmwmathutil:libmwmathutil.dll
 0001:000381f0       muDoubleScalarSin          00000001800391f0 f   libmwmathutil:libmwmathutil.dll
 0001:000381f6       emlrtCheckBuiltInCtxR2011a 00000001800391f6 f   libemlrt:libemlrt.dll
 0001:000381fc       emlrtCheckVsBuiltInCtxR2011a 00000001800391fc f   libemlrt:libemlrt.dll
 0001:00038202       emlrtCheckEnumR2009a       0000000180039202 f   libemlrt:libemlrt.dll
 0001:00038208       emlrtCreateEnumR2010a      0000000180039208 f   libemlrt:libemlrt.dll
 0001:0003820e       emlrtGetEnumElementR2009a  000000018003920e f   libemlrt:libemlrt.dll
 0001:00038214       emlrtCreateReference       0000000180039214 f   libemlrt:libemlrt.dll
 0001:0003821a       emlrtImportVsFiArrayR2009b 000000018003921a f   libemlrt:libemlrt.dll
 0001:00038220       emlrtExtractMessageId      0000000180039220 f   libemlrt:libemlrt.dll
 0001:00038226       emlrtTranslateMessageIDtoLCPstring 0000000180039226 f   libemlrt:libemlrt.dll
 0001:0003822c       emlrtGetEnumUnderlyingArrayR2009a 000000018003922c f   libemlrt:libemlrt.dll
 0001:00038232       emlrtIsEnumR2009a          0000000180039232 f   libemlrt:libemlrt.dll
 0001:00038238       __GSHandlerCheckCommon     0000000180039238 f   MSVCRT:gshandler.obj
 0001:0003829c       __GSHandlerCheck           000000018003929c f   MSVCRT:gshandler.obj
 0001:000382ba       strlen                     00000001800392ba f   MSVCRT:MSVCR100.dll
 0001:000382d0       __security_check_cookie    00000001800392d0 f   MSVCRT:amdsecgs.obj
 0001:000382f0       memset                     00000001800392f0 f   MSVCRT:MSVCR100.dll
 0001:000382f6       malloc                     00000001800392f6 f   MSVCRT:MSVCR100.dll
 0001:000382fc       free                       00000001800392fc f   MSVCRT:MSVCR100.dll
 0001:00038302       strcmp                     0000000180039302 f   MSVCRT:MSVCR100.dll
 0001:00038308       sprintf                    0000000180039308 f   MSVCRT:MSVCR100.dll
 0001:0003830e       strcat                     000000018003930e f   MSVCRT:MSVCR100.dll
 0001:00038314       memcpy                     0000000180039314 f   MSVCRT:MSVCR100.dll
 0001:0003831c       NtCurrentTeb               000000018003931c f i MSVCRT:crtdll.obj
 0001:00038388       _CRT_INIT                  0000000180039388 f   MSVCRT:crtdll.obj
 0001:00038720       _DllMainCRTStartup         0000000180039720 f   MSVCRT:crtdll.obj
 0001:0003875e       strncpy                    000000018003975e f   MSVCRT:MSVCR100.dll
 0001:00038780       __chkstk                   0000000180039780 f   MSVCRT:chkstk.obj
 0001:00038780       _alloca_probe              0000000180039780     MSVCRT:chkstk.obj
 0001:000387ce       longjmp                    00000001800397ce f   MSVCRT:MSVCR100.dll
 0001:000387d4       strncmp                    00000001800397d4 f   MSVCRT:MSVCR100.dll
 0001:000387da       ceil                       00000001800397da f   MSVCRT:MSVCR100.dll
 0001:000387e0       strrchr                    00000001800397e0 f   MSVCRT:MSVCR100.dll
 0001:000387e6       _setjmp                    00000001800397e6 f   MSVCRT:MSVCR100.dll
 0001:000387ec       calloc                     00000001800397ec f   MSVCRT:MSVCR100.dll
 0001:000387f2       realloc                    00000001800397f2 f   MSVCRT:MSVCR100.dll
 0001:000387f8       ldexp                      00000001800397f8 f   MSVCRT:MSVCR100.dll
 0001:00038800       __report_gsfailure         0000000180039800 f   MSVCRT:gs_report.obj
 0001:0003894c       __clean_type_info_names    000000018003994c f   MSVCRT:tncleanup.obj
 0001:00038958       _onexit                    0000000180039958 f   MSVCRT:atonexit.obj
 0001:00038a08       atexit                     0000000180039a08 f   MSVCRT:atonexit.obj
 0001:00038a20       _RTC_Initialize            0000000180039a20 f   MSVCRT:_initsect_.obj
 0001:00038a58       _RTC_Terminate             0000000180039a58 f   MSVCRT:_initsect_.obj
 0001:00038a90       _malloc_crt                0000000180039a90 f   MSVCRT:MSVCR100.dll
 0001:00038aa0       _ValidateImageBase         0000000180039aa0 f   MSVCRT:pesect.obj
 0001:00038ad0       _FindPESection             0000000180039ad0 f   MSVCRT:pesect.obj
 0001:00038b20       _IsNonwritableInCurrentImage 0000000180039b20 f   MSVCRT:pesect.obj
 0001:00038b62       _initterm                  0000000180039b62 f   MSVCRT:MSVCR100.dll
 0001:00038b68       _initterm_e                0000000180039b68 f   MSVCRT:MSVCR100.dll
 0001:00038b6e       _encoded_null              0000000180039b6e f   MSVCRT:MSVCR100.dll
 0001:00038b74       _amsg_exit                 0000000180039b74 f   MSVCRT:MSVCR100.dll
 0001:00038b7a       __C_specific_handler       0000000180039b7a f   MSVCRT:MSVCR100.dll
 0001:00038b80       __CppXcptFilter            0000000180039b80 f   MSVCRT:MSVCR100.dll
 0001:00038b88       DllMain                    0000000180039b88 f   MSVCRT:dllmain.obj
 0001:00038bac       __security_init_cookie     0000000180039bac f   MSVCRT:gs_support.obj
 0001:00038c60       __crt_debugger_hook        0000000180039c60 f   MSVCRT:MSVCR100.dll
 0001:00038c66       __clean_type_info_names_internal 0000000180039c66 f   MSVCRT:MSVCR100.dll
 0001:00038c6c       _unlock                    0000000180039c6c f   MSVCRT:MSVCR100.dll
 0001:00038c72       __dllonexit                0000000180039c72 f   MSVCRT:MSVCR100.dll
 0001:00038c78       _lock                      0000000180039c78 f   MSVCRT:MSVCR100.dll
 0001:00038c7e       EncodePointer              0000000180039c7e f   kernel32:KERNEL32.dll
 0001:00038c84       DecodePointer              0000000180039c84 f   kernel32:KERNEL32.dll
 0001:00038c8a       Sleep                      0000000180039c8a f   kernel32:KERNEL32.dll
 0001:00038c90       TerminateProcess           0000000180039c90 f   kernel32:KERNEL32.dll
 0001:00038c96       GetCurrentProcess          0000000180039c96 f   kernel32:KERNEL32.dll
 0001:00038c9c       UnhandledExceptionFilter   0000000180039c9c f   kernel32:KERNEL32.dll
 0001:00038ca2       SetUnhandledExceptionFilter 0000000180039ca2 f   kernel32:KERNEL32.dll
 0001:00038ca8       IsDebuggerPresent          0000000180039ca8 f   kernel32:KERNEL32.dll
 0001:00038cae       RtlVirtualUnwind           0000000180039cae f   kernel32:KERNEL32.dll
 0001:00038cb4       RtlLookupFunctionEntry     0000000180039cb4 f   kernel32:KERNEL32.dll
 0001:00038cba       RtlCaptureContext          0000000180039cba f   kernel32:KERNEL32.dll
 0001:00038cc0       DisableThreadLibraryCalls  0000000180039cc0 f   kernel32:KERNEL32.dll
 0001:00038cc6       QueryPerformanceCounter    0000000180039cc6 f   kernel32:KERNEL32.dll
 0001:00038ccc       GetTickCount               0000000180039ccc f   kernel32:KERNEL32.dll
 0001:00038cd2       GetCurrentThreadId         0000000180039cd2 f   kernel32:KERNEL32.dll
 0001:00038cd8       GetCurrentProcessId        0000000180039cd8 f   kernel32:KERNEL32.dll
 0001:00038cde       GetSystemTimeAsFileTime    0000000180039cde f   kernel32:KERNEL32.dll
 0002:00000000       __imp_GetSystemTimeAsFileTime 000000018003a000     kernel32:KERNEL32.dll
 0002:00000008       __imp_GetCurrentProcessId  000000018003a008     kernel32:KERNEL32.dll
 0002:00000010       __imp_GetCurrentThreadId   000000018003a010     kernel32:KERNEL32.dll
 0002:00000018       __imp_GetTickCount         000000018003a018     kernel32:KERNEL32.dll
 0002:00000020       __imp_QueryPerformanceCounter 000000018003a020     kernel32:KERNEL32.dll
 0002:00000028       __imp_DisableThreadLibraryCalls 000000018003a028     kernel32:KERNEL32.dll
 0002:00000030       __imp_RtlCaptureContext    000000018003a030     kernel32:KERNEL32.dll
 0002:00000038       __imp_RtlLookupFunctionEntry 000000018003a038     kernel32:KERNEL32.dll
 0002:00000040       __imp_RtlVirtualUnwind     000000018003a040     kernel32:KERNEL32.dll
 0002:00000048       __imp_IsDebuggerPresent    000000018003a048     kernel32:KERNEL32.dll
 0002:00000050       __imp_SetUnhandledExceptionFilter 000000018003a050     kernel32:KERNEL32.dll
 0002:00000058       __imp_UnhandledExceptionFilter 000000018003a058     kernel32:KERNEL32.dll
 0002:00000060       __imp_GetCurrentProcess    000000018003a060     kernel32:KERNEL32.dll
 0002:00000068       __imp_TerminateProcess     000000018003a068     kernel32:KERNEL32.dll
 0002:00000070       __imp_Sleep                000000018003a070     kernel32:KERNEL32.dll
 0002:00000078       __imp_DecodePointer        000000018003a078     kernel32:KERNEL32.dll
 0002:00000080       __imp_EncodePointer        000000018003a080     kernel32:KERNEL32.dll
 0002:00000088       \177KERNEL32_NULL_THUNK_DATA 000000018003a088     kernel32:KERNEL32.dll
 0002:00000090       __imp__onexit              000000018003a090     MSVCRT:MSVCR100.dll
 0002:00000098       __imp__lock                000000018003a098     MSVCRT:MSVCR100.dll
 0002:000000a0       __imp___dllonexit          000000018003a0a0     MSVCRT:MSVCR100.dll
 0002:000000a8       __imp__unlock              000000018003a0a8     MSVCRT:MSVCR100.dll
 0002:000000b0       __imp___clean_type_info_names_internal 000000018003a0b0     MSVCRT:MSVCR100.dll
 0002:000000b8       __imp___crt_debugger_hook  000000018003a0b8     MSVCRT:MSVCR100.dll
 0002:000000c0       __imp___CppXcptFilter      000000018003a0c0     MSVCRT:MSVCR100.dll
 0002:000000c8       __imp___C_specific_handler 000000018003a0c8     MSVCRT:MSVCR100.dll
 0002:000000d0       __imp__amsg_exit           000000018003a0d0     MSVCRT:MSVCR100.dll
 0002:000000d8       __imp__encoded_null        000000018003a0d8     MSVCRT:MSVCR100.dll
 0002:000000e0       __imp__initterm_e          000000018003a0e0     MSVCRT:MSVCR100.dll
 0002:000000e8       __imp__initterm            000000018003a0e8     MSVCRT:MSVCR100.dll
 0002:000000f0       __imp__malloc_crt          000000018003a0f0     MSVCRT:MSVCR100.dll
 0002:000000f8       __imp_ldexp                000000018003a0f8     MSVCRT:MSVCR100.dll
 0002:00000100       __imp_realloc              000000018003a100     MSVCRT:MSVCR100.dll
 0002:00000108       __imp_calloc               000000018003a108     MSVCRT:MSVCR100.dll
 0002:00000110       __imp__setjmp              000000018003a110     MSVCRT:MSVCR100.dll
 0002:00000118       __imp_strrchr              000000018003a118     MSVCRT:MSVCR100.dll
 0002:00000120       __imp_ceil                 000000018003a120     MSVCRT:MSVCR100.dll
 0002:00000128       __imp_strncmp              000000018003a128     MSVCRT:MSVCR100.dll
 0002:00000130       __imp_longjmp              000000018003a130     MSVCRT:MSVCR100.dll
 0002:00000138       __imp_strncpy              000000018003a138     MSVCRT:MSVCR100.dll
 0002:00000140       __imp_memcpy               000000018003a140     MSVCRT:MSVCR100.dll
 0002:00000148       __imp_strcat               000000018003a148     MSVCRT:MSVCR100.dll
 0002:00000150       __imp_sprintf              000000018003a150     MSVCRT:MSVCR100.dll
 0002:00000158       __imp_strcmp               000000018003a158     MSVCRT:MSVCR100.dll
 0002:00000160       __imp_free                 000000018003a160     MSVCRT:MSVCR100.dll
 0002:00000168       __imp_malloc               000000018003a168     MSVCRT:MSVCR100.dll
 0002:00000170       __imp_memset               000000018003a170     MSVCRT:MSVCR100.dll
 0002:00000178       __imp_strlen               000000018003a178     MSVCRT:MSVCR100.dll
 0002:00000180       \177MSVCR100_NULL_THUNK_DATA 000000018003a180     MSVCRT:MSVCR100.dll
 0002:00000188       __imp_emlrtIsEnumR2009a    000000018003a188     libemlrt:libemlrt.dll
 0002:00000190       __imp_emlrtGetEnumUnderlyingArrayR2009a 000000018003a190     libemlrt:libemlrt.dll
 0002:00000198       __imp_emlrtTranslateMessageIDtoLCPstring 000000018003a198     libemlrt:libemlrt.dll
 0002:000001a0       __imp_emlrtExtractMessageId 000000018003a1a0     libemlrt:libemlrt.dll
 0002:000001a8       __imp_emlrtImportVsFiArrayR2009b 000000018003a1a8     libemlrt:libemlrt.dll
 0002:000001b0       __imp_emlrtCreateReference 000000018003a1b0     libemlrt:libemlrt.dll
 0002:000001b8       __imp_emlrtGetEnumElementR2009a 000000018003a1b8     libemlrt:libemlrt.dll
 0002:000001c0       __imp_emlrtCreateEnumR2010a 000000018003a1c0     libemlrt:libemlrt.dll
 0002:000001c8       __imp_emlrtCheckEnumR2009a 000000018003a1c8     libemlrt:libemlrt.dll
 0002:000001d0       __imp_emlrtCheckVsBuiltInCtxR2011a 000000018003a1d0     libemlrt:libemlrt.dll
 0002:000001d8       __imp_emlrtCheckBuiltInCtxR2011a 000000018003a1d8     libemlrt:libemlrt.dll
 0002:000001e0       \177libemlrt_NULL_THUNK_DATA 000000018003a1e0     libemlrt:libemlrt.dll
 0002:000001e8       __imp_ssRegisterDataTypeFxpFSlopeFixExpBias 000000018003a1e8     libfixedpoint:libfixedpoint.dll
 0002:000001f0       \177libfixedpoint_NULL_THUNK_DATA 000000018003a1f0     libfixedpoint:libfixedpoint.dll
 0002:000001f8       __imp_mexPutVariable       000000018003a1f8     libmex:libmex.dll
 0002:00000200       __imp_mexGetVariable       000000018003a200     libmex:libmex.dll
 0002:00000208       __imp_mexLock              000000018003a208     libmex:libmex.dll
 0002:00000210       __imp_mexMakeMemoryPersistent 000000018003a210     libmex:libmex.dll
 0002:00000218       __imp_mexFunctionName      000000018003a218     libmex:libmex.dll
 0002:00000220       __imp_mexMakeArrayPersistent 000000018003a220     libmex:libmex.dll
 0002:00000228       __imp_mexSetTrapFlag       000000018003a228     libmex:libmex.dll
 0002:00000230       __imp_mexIsLocked          000000018003a230     libmex:libmex.dll
 0002:00000238       __imp_mexWarnMsgTxt        000000018003a238     libmex:libmex.dll
 0002:00000240       __imp_mexCallMATLAB        000000018003a240     libmex:libmex.dll
 0002:00000248       __imp_mexUnlock            000000018003a248     libmex:libmex.dll
 0002:00000250       __imp_mexErrMsgTxt         000000018003a250     libmex:libmex.dll
 0002:00000258       \177libmex_NULL_THUNK_DATA 000000018003a258     libmex:libmex.dll
 0002:00000260       __imp_muDoubleScalarCos    000000018003a260     libmwmathutil:libmwmathutil.dll
 0002:00000268       __imp_muDoubleScalarSin    000000018003a268     libmwmathutil:libmwmathutil.dll
 0002:00000270       __imp_muDoubleScalarAbs    000000018003a270     libmwmathutil:libmwmathutil.dll
 0002:00000278       \177libmwmathutil_NULL_THUNK_DATA 000000018003a278     libmwmathutil:libmwmathutil.dll
 0002:00000280       __imp_mxDestroyArray       000000018003a280     libmx:libmx.dll
 0002:00000288       __imp_mxCreateDoubleMatrix_730 000000018003a288     libmx:libmx.dll
 0002:00000290       __imp_mxSetField_730       000000018003a290     libmx:libmx.dll
 0002:00000298       __imp_mxCreateDoubleScalar 000000018003a298     libmx:libmx.dll
 0002:000002a0       __imp_mxCreateStructMatrix_730 000000018003a2a0     libmx:libmx.dll
 0002:000002a8       __imp_mxCreateLogicalScalar 000000018003a2a8     libmx:libmx.dll
 0002:000002b0       __imp_mxIsLogicalScalarTrue 000000018003a2b0     libmx:libmx.dll
 0002:000002b8       __imp_mxGetString_700      000000018003a2b8     libmx:libmx.dll
 0002:000002c0       __imp_mxCreateStringFromNChars_700 000000018003a2c0     libmx:libmx.dll
 0002:000002c8       __imp_mxGetElementSize     000000018003a2c8     libmx:libmx.dll
 0002:000002d0       __imp_mxCreateNumericArray_700 000000018003a2d0     libmx:libmx.dll
 0002:000002d8       __imp_mxGetNumberOfDimensions_700 000000018003a2d8     libmx:libmx.dll
 0002:000002e0       __imp_mxGetDimensions_700  000000018003a2e0     libmx:libmx.dll
 0002:000002e8       __imp_mxCalcSingleSubscript_700 000000018003a2e8     libmx:libmx.dll
 0002:000002f0       __imp_mxCreateStructArray_700 000000018003a2f0     libmx:libmx.dll
 0002:000002f8       __imp_mxCreateNumericMatrix_700 000000018003a2f8     libmx:libmx.dll
 0002:00000300       __imp_mxArrayClassIDName   000000018003a300     libmx:libmx.dll
 0002:00000308       __imp_mxGetImagData        000000018003a308     libmx:libmx.dll
 0002:00000310       __imp_mxGetData            000000018003a310     libmx:libmx.dll
 0002:00000318       __imp_mxIsEmpty            000000018003a318     libmx:libmx.dll
 0002:00000320       __imp_mxIsNaN              000000018003a320     libmx:libmx.dll
 0002:00000328       __imp_mxGetFieldNumber     000000018003a328     libmx:libmx.dll
 0002:00000330       __imp_mxCreateStructMatrix_700 000000018003a330     libmx:libmx.dll
 0002:00000338       __imp_mxGetNumberOfFields  000000018003a338     libmx:libmx.dll
 0002:00000340       __imp_mxGetFieldNameByNumber 000000018003a340     libmx:libmx.dll
 0002:00000348       __imp_mxGetFieldByNumber_700 000000018003a348     libmx:libmx.dll
 0002:00000350       __imp_mxSetFieldByNumber_700 000000018003a350     libmx:libmx.dll
 0002:00000358       __imp_mxIsSparse           000000018003a358     libmx:libmx.dll
 0002:00000360       __imp_mxGetLogicals        000000018003a360     libmx:libmx.dll
 0002:00000368       __imp_mxIsClass            000000018003a368     libmx:libmx.dll
 0002:00000370       __imp_mxIsStruct           000000018003a370     libmx:libmx.dll
 0002:00000378       __imp_mxGetNumberOfElements 000000018003a378     libmx:libmx.dll
 0002:00000380       __imp_mxGetField_700       000000018003a380     libmx:libmx.dll
 0002:00000388       __imp_mxAddField           000000018003a388     libmx:libmx.dll
 0002:00000390       __imp_mxSetField_700       000000018003a390     libmx:libmx.dll
 0002:00000398       __imp_mxGetClassName       000000018003a398     libmx:libmx.dll
 0002:000003a0       __imp_mxGetCell_700        000000018003a3a0     libmx:libmx.dll
 0002:000003a8       __imp_mxSetCell_700        000000018003a3a8     libmx:libmx.dll
 0002:000003b0       __imp_mxCreateCellMatrix_700 000000018003a3b0     libmx:libmx.dll
 0002:000003b8       __imp_mxArrayToString      000000018003a3b8     libmx:libmx.dll
 0002:000003c0       __imp_mxFree               000000018003a3c0     libmx:libmx.dll
 0002:000003c8       __imp_mxCreateDoubleMatrix_700 000000018003a3c8     libmx:libmx.dll
[...]
 0001:00010480       _ml_generic_castability_check 0000000180011480 f   sfc_mex:sfc_mex.obj
 0001:000111e0       ml_generic_castability_check 00000001800121e0 f   sfc_mex:sfc_mex.obj
 0001:00011280       ml_check_mx_array_for_single_castability 0000000180012280 f   sfc_mex:sfc_mex.obj
 0001:00011320       ml_check_mx_array_for_logical_castability 0000000180012320 f   sfc_mex:sfc_mex.obj
 0001:000113c0       ml_check_mx_array_for_int8_castability 00000001800123c0 f   sfc_mex:sfc_mex.obj
 0001:00011470       ml_check_mx_array_for_uint8_castability 0000000180012470 f   sfc_mex:sfc_mex.obj
 0001:000114d0       ml_check_mx_array_for_int16_castability 00000001800124d0 f   sfc_mex:sfc_mex.obj
 0001:00011530       ml_check_mx_array_for_uint16_castability 0000000180012530 f   sfc_mex:sfc_mex.obj
 0001:00011590       ml_check_mx_array_for_int32_castability 0000000180012590 f   sfc_mex:sfc_mex.obj
 0001:000115f0       ml_check_mx_array_for_uint32_castability 00000001800125f0 f   sfc_mex:sfc_mex.obj
 0001:00011650       ml_check_mx_array_for_castability 0000000180012650 f   sfc_mex:sfc_mex.obj
 0001:00011f80       set_data_value             0000000180012f80 f   sfc_mex:sfc_mex.obj
 0001:000122f0       get_data_value             00000001800132f0 f   sfc_mex:sfc_mex.obj
 0001:00012400       get_next_element_address   0000000180013400 f   sfc_mex:sfc_mex.obj
 0001:000124d0       sf_normalize_index         00000001800134d0 f   sfc_mex:sfc_mex.obj
 0001:00012860       ml_array_index_bound_check 0000000180013860 f   sfc_mex:sfc_mex.obj
 0001:00013380       mx_value                   0000000180014380 f   sfc_mex:sfc_mex.obj
 0001:000133d0       sf_create_numeric_array    00000001800143d0 f   sfc_mex:sfc_mex.obj
 0001:00013470       sf_mex_assign_to_mx_array  0000000180014470 f   sfc_mex:sfc_mex.obj
 0001:000137c0       assign_from_mx_array       00000001800147c0 f   sfc_mex:sfc_mex.obj
 0001:00013ff0       sf_mex_import_v            0000000180014ff0 f   sfc_mex:sfc_mex.obj
 0001:000145c0       get_machine_and_chart_file_number 00000001800155c0 f   sfc_mex:sfc_sf.obj
 0001:000146b0       get_sfun_block_specialization 00000001800156b0 f   sfc_mex:sfc_sf.obj
 0001:00014730       call_sf_machine_global_method_dispatcher 0000000180015730 f   sfc_mex:sfc_sf.obj
 0001:00014960       mdl_zeroCrossings_processing 0000000180015960 f   sfc_mex:sfc_sf.obj
 0001:00014a30       mdl_derivatives_processing 0000000180015a30 f   sfc_mex:sfc_sf.obj
 0001:00014cf0       mdl_outputs_continuous_legacy 0000000180015cf0 f   sfc_mex:sfc_sf.obj
 0001:00014d70       mdl_outputs_processing     0000000180015d70 f   sfc_mex:sfc_sf.obj
 0001:00014fa0       mdl_enable_processing      0000000180015fa0 f   sfc_mex:sfc_sf.obj
 0001:00015070       mdl_disable_processing     0000000180016070 f   sfc_mex:sfc_sf.obj
 0001:000159c0       write_symbol_mapping       00000001800169c0 f   sfc_mex:sfc_sf.obj
 0001:000160e0       sf_call_output_fcn_enable_disable 00000001800170e0 f   sfc_mex:sfc_sf.obj
 0001:00016360       set_dwork_information_from_mx_array 0000000180017360 f   sfc_mex:sfc_sf.obj
 0001:00016c50       ptr2mxStruct               0000000180017c50 f   sfc_mex:sfc_sf.obj
 0001:00016f60       SNPRINTF_WRAPPER           0000000180017f60 f   sfc_debug:sfcdebug.obj
 0001:00016f80       sf_debug_chart_instance_initialized_quick 0000000180017f80 f   sfc_debug:sfcdebug.obj
 0001:00016f90       sf_debug_chart_instance_initialized 0000000180017f90 f   sfc_debug:sfcdebug.obj
 0001:00017130       sfrtAddSize                0000000180018130 f   sfc_debug:sfcdebug.obj
 0001:000171f0       sfrtGenSizeString          00000001800181f0 f   sfc_debug:sfcdebug.obj
 0001:00017900       sf_debug_sim_status_listener 0000000180018900 f   sfc_debug:sfcdebug.obj
 0001:00017e70       sf_debug_form_mask_bits    0000000180018e70 f   sfc_debug:sfcdebug.obj
 0001:00017eb0       sf_debug_form_sf_data_type_offsets 0000000180018eb0 f   sfc_debug:sfcdebug.obj
 0001:00017f70       sf_debug_free_all          0000000180018f70 f   sfc_debug:sfcdebug.obj
 0001:000180f0       sf_debug_append_debugger_context 00000001800190f0 f   sfc_debug:sfcdebug.obj
 0001:000183b0       local_strdup               00000001800193b0 f   sfc_debug:sfcdebug.obj
 0001:00019290       sf_debug_em_terminate      000000018001a290 f   sfc_debug:sfcdebug.obj
 0001:000192d0       sf_debug_push_eml_function 000000018001a2d0 f   sfc_debug:sfcdebug.obj
 0001:00019370       sf_debug_pop_eml_function  000000018001a370 f   sfc_debug:sfcdebug.obj
 0001:0001a070       sf_debug_get_machine_number_from_id_or_name 000000018001b070 f   sfc_debug:sfcdebug.obj
 0001:0001a1c0       sf_debug_get_chart_number_from_id 000000018001b1c0 f   sfc_debug:sfcdebug.obj
 0001:0001ae30       sf_debug_transfer_control_to_debugger_GUI 000000018001be30 f   sfc_debug:sfcdebug.obj
 0001:0001bdd0       sf_debug_scripts_rehash    000000018001cdd0 f   sfc_debug:sfcdebug.obj
 0001:0001c010       sf_debug_get_script_line_count 000000018001d010 f   sfc_debug:sfcdebug.obj
 0001:0001c720       cv_eml_state_cvId          000000018001d720 f   sfc_debug:sfcdebug.obj
 0001:0001d940       sf_debug_data_array_bounds_error 000000018001e940 f   sfc_debug:sfcdebug.obj
 0001:0001dd70       eml_debug_runtime_error_doclink 000000018001ed70 f   sfc_debug:sfcdebug.obj
 0001:0001def0       sf_debug_runtime_error     000000018001eef0 f   sfc_debug:sfcdebug.obj
 0001:0001df60       sf_debug_matlab_error      000000018001ef60 f   sfc_debug:sfcdebug.obj
 0001:0001e810       sf_debug_data_value_error  000000018001f810 f   sfc_debug:sfcdebug.obj
 0001:0001f110       sf_debug_data_loss_error   0000000180020110 f   sfc_debug:sfcdebug.obj
 0001:0001fd70       call_cv_range_check        0000000180020d70 f   sfc_debug:sfcdebug.obj
 0001:00020540       sf_debug_invoke_cycle_detection_code 0000000180021540 f   sfc_debug:sfcdebug.obj
 0001:000213b0       sf_reset_debug_info_struct 00000001800223b0 f   sfc_debug:sfcdebug.obj
 0001:00021ca0       cv_script_cvId             0000000180022ca0 f   sfc_debug:sfcdebug.obj
 0001:00022a90       sfc_api_chart_visible      0000000180023a90 f   sfc_debug:sfc_api.obj
 0001:00022b10       sfc_api_active_instance    0000000180023b10 f   sfc_debug:sfc_api.obj
 0001:00022b90       sfc_api_machine_load       0000000180023b90 f   sfc_debug:sfc_api.obj
 0001:00022c60       sfc_api_debugger_alive     0000000180023c60 f   sfc_debug:sfc_api.obj
 0001:00022c70       sfc_api_go                 0000000180023c70 f   sfc_debug:sfc_api.obj
 0001:00022c80       sfc_api_step_over          0000000180023c80 f   sfc_debug:sfc_api.obj
 0001:00022c90       sfc_api_step_out           0000000180023c90 f   sfc_debug:sfc_api.obj
 0001:00022ca0       sfc_api_resume             0000000180023ca0 f   sfc_debug:sfc_api.obj
 0001:00022cb0       sfc_api_break              0000000180023cb0 f   sfc_debug:sfc_api.obj
 0001:00022cc0       sfc_api_stop_debugging     0000000180023cc0 f   sfc_debug:sfc_api.obj
 0001:00022d10       sfc_api_is_cycle_detected  0000000180023d10 f   sfc_debug:sfc_api.obj
 0001:00022d60       sfc_api_is_array_bounds_detected 0000000180023d60 f   sfc_debug:sfc_api.obj
 0001:00022db0       sfc_api_set_disable_all_breakpoints 0000000180023db0 f   sfc_debug:sfc_api.obj
 0001:00022e20       sfc_api_disable_all_breakpoints_and_go 0000000180023e20 f   sfc_debug:sfc_api.obj
 0001:00022e30       sfc_api_close              0000000180023e30 f   sfc_debug:sfc_api.obj
 0001:00022e40       sfc_api_browse_data        0000000180023e40 f   sfc_debug:sfc_api.obj
 0001:00022eb0       sfc_api_watch_data         0000000180023eb0 f   sfc_debug:sfc_api.obj
 0001:00022f50       sfc_api_assign_data        0000000180023f50 f   sfc_debug:sfc_api.obj
 0001:00022ff0       sfc_api_whos               0000000180023ff0 f   sfc_debug:sfc_api.obj
 0001:00023080       sfc_api_get_consistency_info 0000000180024080 f   sfc_debug:sfc_api.obj
 0001:00023090       sfc_api_browse_trace       0000000180024090 f   sfc_debug:sfc_api.obj
 0001:000230a0       sfc_api_break_on_chart_entry 00000001800240a0 f   sfc_debug:sfc_api.obj
 0001:000230c0       sfc_api_break_on_event_broadcast 00000001800240c0 f   sfc_debug:sfc_api.obj
 0001:000230e0       sfc_api_break_on_state_entry 00000001800240e0 f   sfc_debug:sfc_api.obj
 0001:00023100       sfc_api_set_watch          0000000180024100 f   sfc_debug:sfc_api.obj
 0001:000231a0       sfc_api_set_breakpoints    00000001800241a0 f   sfc_debug:sfc_api.obj
 0001:00023240       sfc_api_set_eml_breakpoints 0000000180024240 f   sfc_debug:sfc_api.obj
 0001:000232c0       sfc_api_set_script_breakpoints 00000001800242c0 f   sfc_debug:sfc_api.obj
 0001:00023310       sfc_api_add_script_breakpoints 0000000180024310 f   sfc_debug:sfc_api.obj
 0001:00023360       sfc_api_clear_script_breakpoints 0000000180024360 f   sfc_debug:sfc_api.obj
 0001:000233b0       sfc_api_query_script_breakpoints 00000001800243b0 f   sfc_debug:sfc_api.obj
 0001:00023410       sfc_api_get_script_id      0000000180024410 f   sfc_debug:sfc_api.obj
 0001:000234d0       sfc_api_get_active_states  00000001800244d0 f   sfc_debug:sfc_api.obj
 0001:00023550       sfc_api_break_between_times 0000000180024550 f   sfc_debug:sfc_api.obj
 0001:000235b0       sfc_api_get_instance_handle 00000001800245b0 f   sfc_debug:sfc_api.obj
 0001:00023660       sfc_api_get_coverage       0000000180024660 f   sfc_debug:sfc_api.obj
 0001:000236e0       sfc_api_set_animation      00000001800246e0 f   sfc_debug:sfc_api.obj
 0001:00023730       sfc_api_select_chart       0000000180024730 f   sfc_debug:sfc_api.obj
 0001:00023790       sfc_api_select_charts      0000000180024790 f   sfc_debug:sfc_api.obj
 0001:000237c0       sfc_api_cycle_detection_check 00000001800247c0 f   sfc_debug:sfc_api.obj
 0001:00023810       sfc_api_data_range_check   0000000180024810 f   sfc_debug:sfc_api.obj
 0001:00023860       sfc_api_transition_conflict_check 0000000180024860 f   sfc_debug:sfc_api.obj
 0001:000238b0       sfc_api_state_consistency_check 00000001800248b0 f   sfc_debug:sfc_api.obj
 0001:00023900       sfc_api_set_instance_cv_ids 0000000180024900 f   sfc_debug:sfc_api.obj
 0001:00023a10       sfc_api_set_script_cv_ids  0000000180024a10 f   sfc_debug:sfc_api.obj
 0001:00023ab0       sfc_api_get_current_machine_id 0000000180024ab0 f   sfc_debug:sfc_api.obj
 0001:00023ae0       sfc_api_get_current_machine_number 0000000180024ae0 f   sfc_debug:sfc_api.obj
 0001:00023b10       sfc_api_get_current_chart_number 0000000180024b10 f   sfc_debug:sfc_api.obj
 0001:00023b40       sfc_api_get_current_instance_number 0000000180024b40 f   sfc_debug:sfc_api.obj
 0001:00023b70       sfc_api_get_current_instance_handle 0000000180024b70 f   sfc_debug:sfc_api.obj
 0001:00023b90       sfc_api_get_current_is_minor_time_step 0000000180024b90 f   sfc_debug:sfc_api.obj
 0001:00023bc0       sfc_api_get_current_machine_name 0000000180024bc0 f   sfc_debug:sfc_api.obj
 0001:00023be0       sfc_api_get_current_chart_id 0000000180024be0 f   sfc_debug:sfc_api.obj
 0001:00023c10       sfc_api_get_current_object_type 0000000180024c10 f   sfc_debug:sfc_api.obj
 0001:00023c40       sfc_api_get_current_event_type 0000000180024c40 f   sfc_debug:sfc_api.obj
 0001:00023c70       sfc_api_get_current_object_id 0000000180024c70 f   sfc_debug:sfc_api.obj
 0001:00023ca0       sfc_get_current_active_event_type 0000000180024ca0 f   sfc_debug:sfc_api.obj
 0001:00023cd0       sfc_api_get_current_active_event_id 0000000180024cd0 f   sfc_debug:sfc_api.obj
 0001:00023d00       sfc_api_get_current_simulation_time 0000000180024d00 f   sfc_debug:sfc_api.obj
 0001:00023d20       sfc_get_current_tag_type   0000000180024d20 f   sfc_debug:sfc_api.obj
 0001:00023d50       sfc_get_current_coverage_percentage 0000000180024d50 f   sfc_debug:sfc_api.obj
 0001:00023d70       sfc_get_current_statement_context 0000000180024d70 f   sfc_debug:sfc_api.obj
 0001:00023d90       sfc_get_current_optional_integer 0000000180024d90 f   sfc_debug:sfc_api.obj
 0001:00023dc0       sfc_get_current_statement_info 0000000180024dc0 f   sfc_debug:sfc_api.obj
 0001:00023e60       sfc_api_get                0000000180024e60 f   sfc_debug:sfc_api.obj
 0001:00023fc0       sf_debug_sm_is_using_unified_editors 0000000180024fc0 f   sfc_debug:sfdb_animation.obj
 0001:00024060       sf_debug_sm_is_chart_visible_in_unified_editors 0000000180025060 f   sfc_debug:sfdb_animation.obj
 0001:00024120       sf_debug_sm_check_if_chart_is_visible 0000000180025120 f   sfc_debug:sfdb_animation.obj
 0001:00024c20       sf_debug_sm_fill_state_activity_data 0000000180025c20 f   sfc_debug:sfdb_animation.obj
 0001:00027210       sf_debug_hm_get_simulink_handle 0000000180028210 f   sfc_debug:sfdb_handle_management.obj
 0001:00027d60       sf_debug_hm_initialize_globals 0000000180028d60 f   sfc_debug:sfdb_handle_management.obj
 0001:00027e60       sf_debug_hm_get_machine_debug_flag 0000000180028e60 f   sfc_debug:sfdb_handle_management.obj
 0001:00027fd0       sf_debug_hm_get_machine_id 0000000180028fd0 f   sfc_debug:sfdb_handle_management.obj
 0001:000280f0       sf_debug_hm_get_chart_id   00000001800290f0 f   sfc_debug:sfdb_handle_management.obj
 0001:00028290       sf_debug_hm_register_executing_SFunction 0000000180029290 f   sfc_debug:sfdb_handle_management.obj
 0001:00028430       sf_debug_hm_get_chart_active_instance 0000000180029430 f   sfc_debug:sfdb_handle_management.obj
 0001:000285a0       sf_debug_hm_get_chart_visibility 00000001800295a0 f   sfc_debug:sfdb_handle_management.obj
 0001:000286f0       sf_debug_hm_form_object_boolean_properties 00000001800296f0 f   sfc_debug:sfdb_handle_management.obj
 0001:000289c0       sf_debug_hm_form_object_properties 00000001800299c0 f   sfc_debug:sfdb_handle_management.obj
 0001:00028c00       sf_debug_hm_terminate_charts 0000000180029c00 f   sfc_debug:sfdb_handle_management.obj
 0001:00029370       sf_debug_hm_terminate_machines 000000018002a370 f   sfc_debug:sfdb_handle_management.obj
 0001:0002ac90       void_ptr_stack_vector_free_total 000000018002bc90 f   sfc_debug:sfdb_data_browse.obj
 0001:0002ad20       sf_debug_st_terminate_machine 000000018002bd20 f   sfc_debug:sfdb_data_browse.obj
 0001:0002ad60       sf_debug_st_terminate_instance 000000018002bd60 f   sfc_debug:sfdb_data_browse.obj
 0001:0002b110       push_on_to_void_ptr_stack  000000018002c110 f   sfc_debug:sfdb_data_browse.obj
 0001:0002b2a0       pop_from_void_ptr_stack    000000018002c2a0 f   sfc_debug:sfdb_data_browse.obj
 0001:0002b3d0       sf_debug_st_get_data_value 000000018002c3d0 f   sfc_debug:sfdb_data_browse.obj
 0001:0002b960       mx_value                   000000018002c960 f   sfc_debug:sfdb_data_browse.obj
 0001:0002b9a0       sf_debug_st_fill_data_struct 000000018002c9a0 f   sfc_debug:sfdb_data_browse.obj
 0001:0002bce0       data_type_format_strings   000000018002cce0 f   sfc_debug:sfdb_data_browse.obj
 0001:0002bd90       sf_debug_st_fill_data      000000018002cd90 f   sfc_debug:sfdb_data_browse.obj
 0001:0002cfd0       sf_debug_ss_copy_dimension 000000018002dfd0 f   sfc_debug:sfdb_symbol_scope.obj
 0001:0002d090       sf_debug_ss_get_number_elements 000000018002e090 f   sfc_debug:sfdb_symbol_scope.obj
 0001:0002d0b0       sf_debug_ss_fill_data_struct 000000018002e0b0 f   sfc_debug:sfdb_symbol_scope.obj
 0001:0002d400       sf_debug_ss_reset_data_info 000000018002e400 f   sfc_debug:sfdb_symbol_scope.obj
 0001:0002d460       sf_debug_fill_data_info_by_symbol_scope_entry 000000018002e460 f   sfc_debug:sfdb_symbol_scope.obj
 0001:0002d520       sf_debug_fill_data_info_by_data_vector 000000018002e520 f   sfc_debug:sfdb_symbol_scope.obj
 0001:0002d770       sf_debug_ss_get_data_info  000000018002e770 f   sfc_debug:sfdb_symbol_scope.obj
 0001:0002da60       sf_debug_select_mex_function 000000018002ea60 f   sfc_debug:sfdb_symbol_scope.obj
 0001:0002da90       sf_debug_is_dyn_matrix_initialized 000000018002ea90 f   sfc_debug:sfdb_symbol_scope.obj
 0001:0002dab0       sf_debug_ss_set_data_value_try 000000018002eab0 f   sfc_debug:sfdb_symbol_scope.obj
 0001:0002dc80       sf_debug_ss_get_data_value 000000018002ec80 f   sfc_debug:sfdb_symbol_scope.obj
 0001:0002e1d0       sf_debug_ss_data_bytes_string 000000018002f1d0 f   sfc_debug:sfdb_symbol_scope.obj
 0001:0002e280       sf_debug_ss_data_class_string 000000018002f280 f   sfc_debug:sfdb_symbol_scope.obj
 0001:0002e610       sf_debug_ss_data_size_string 000000018002f610 f   sfc_debug:sfdb_symbol_scope.obj
 0001:0002e6f0       sf_debug_ss_data_create_data_info_struct 000000018002f6f0 f   sfc_debug:sfdb_symbol_scope.obj
 0001:0002e9c0       sf_debug_ss_data_create_name_value_pair 000000018002f9c0 f   sfc_debug:sfdb_symbol_scope.obj
 0001:0002ea60       sf_debug_ss_data_get_whos_info 000000018002fa60 f   sfc_debug:sfdb_symbol_scope.obj
 0001:0002ea70       same_named_data_in_data_array 000000018002fa70 f   sfc_debug:sfdb_symbol_scope.obj
 0001:000302e0       sf_debug_cc_terminate_chart 00000001800312e0 f   sfc_debug:sfdb_coverage.obj
 0001:00030680       sf_debug_cc_terminate_instance 0000000180031680 f   sfc_debug:sfdb_coverage.obj
 0001:00031270       sf_debug_cc_mark_object_if_needed 0000000180032270 f   sfc_debug:sfdb_coverage.obj
 0001:00031630       sf_debug_cc_fill_transition_coverage_data 0000000180032630 f   sfc_debug:sfdb_coverage.obj
 0001:000317c0       sf_debug_cc_fill_transition_coverage_map 00000001800327c0 f   sfc_debug:sfdb_coverage.obj
 0001:00031a70       sf_debug_cc_fill_state_coverage_map 0000000180032a70 f   sfc_debug:sfdb_coverage.obj
 0001:00031cc0       sf_debug_cc_fill_state_coverage_data 0000000180032cc0 f   sfc_debug:sfdb_coverage.obj
 0001:00032900       sf_debug_bm_initialize_eml 0000000180033900 f   sfc_debug:sfdb_breakpoints.obj
 0001:00033a70       sf_debug_bm_map_debug_tag_to_breakpoint_tag 0000000180034a70 f   sfc_debug:sfdb_breakpoints.obj
 0001:00033b50       sf_debug_bm_is_a_eml_breakpoint_impl 0000000180034b50 f   sfc_debug:sfdb_breakpoints.obj
 0001:000355d0       sf_debug_sc_push_on_error_stack 00000001800365d0 f   sfc_debug:sfdb_state_consistency.obj
 0001:00035700       sf_debug_sc_reset_error_stack 0000000180036700 f   sfc_debug:sfdb_state_consistency.obj
 0001:00035890       sf_debug_sc_is_state_inconsistent 0000000180036890 f   sfc_debug:sfdb_state_consistency.obj
 0001:00035b90       sf_debug_sc_fill_consistency_info 0000000180036b90 f   sfc_debug:sfdb_state_consistency.obj
 0001:00036170       void_assertion_fcn         0000000180037170 f   sfc_debug:sfdb_call_stack.obj
 0001:000366f0       sf_debug_tm_fill_local_trace 00000001800376f0 f   sfc_debug:sfdb_call_stack.obj
 0001:00036cc0       sf_debug_cd_terminate_instance 0000000180037cc0 f   sfc_debug:sfdb_cycle_detection.obj
 0001:00036d20       sf_debug_cd_free_checksum_stack 0000000180037d20 f   sfc_debug:sfdb_cycle_detection.obj
 0001:00036d70       sf_debug_cd_reset_pack_strings 0000000180037d70 f   sfc_debug:sfdb_cycle_detection.obj
 0001:00037430       md5file_clear              0000000180038430 f   sfc_debug:ckmd5.obj
 0001:00037460       Encode                     0000000180038460 f   sfc_debug:ckmd5.obj
 0001:000374b0       Decode                     00000001800384b0 f   sfc_debug:ckmd5.obj
 0001:00037550       MD5Transform               0000000180038550 f   sfc_debug:ckmd5.obj
 0001:00037da0       md5file_addn               0000000180038da0 f   sfc_debug:ckmd5.obj
 0001:00037e70       md5file_hash               0000000180038e70 f   sfc_debug:ckmd5.obj
 0001:00038328       pre_c_init                 0000000180039328 f   MSVCRT:crtdll.obj
 0001:000385e4       __DllMainCRTStartup        00000001800395e4 f   MSVCRT:crtdll.obj
 0001:00038cf0       __DllMainCRTStartup$filt$0 0000000180039cf0 f   MSVCRT:crtdll.obj
 0001:00038d20       __DllMainCRTStartup$fin$1  0000000180039d20 f   MSVCRT:crtdll.obj
 0001:00038d3a       _onexit$fin$0              0000000180039d3a f   MSVCRT:atonexit.obj
 0001:00038d60       _IsNonwritableInCurrentImage$filt$0 0000000180039d60 f   MSVCRT:pesect.obj
